V2 classifier config: --arch t1 --dropout 0.3 --aug spec+speed --epochs 200 --lr 0.001 --wd 0.0001 --patience 40
== BLOCK 1 (core): V2 classifier seed 0 + codecs d=128 seed 0 ==
[v2] fold 1 seed 0: best epoch 45/85 val_acc=0.5680 test(george) acc=0.4060
[v2] fold 6 seed 0: best epoch 77/117 val_acc=0.6320 test(yweweler) acc=0.7580
[v2] fold 4 seed 0: best epoch 129/169 val_acc=0.7760 test(nicolas) acc=0.4600
[v2] fold 3 seed 0: best epoch 153/193 val_acc=0.5600 test(lucas) acc=0.7400
[v2] fold 5 seed 0: best epoch 183/200 val_acc=0.6620 test(theo) acc=0.5220
[v2] fold 2 seed 0: best epoch 185/200 val_acc=0.8500 test(jackson) acc=0.7700
 fold  seed  best_epoch  epochs_run  val_acc  test_acc
    1     0          45          85    0.568     0.406
    2     0         185         200    0.850     0.770
    3     0         153         193    0.560     0.740
    4     0         129         169    0.776     0.460
    5     0         183         200    0.662     0.522
    6     0          77         117    0.632     0.758
mean val_acc = 0.6747   mean test_acc = 0.6093
12 codec trainings
AE-MSE_d128_fold5_seed0_v2: best ep 58 val_mse=0.0628 val_acc=0.6060 (388.7s)
AE-MSE_d128_fold3_seed0_v2: best ep 58 val_mse=0.0493 val_acc=0.5280 (388.9s)
AE-MSE_d128_fold1_seed0_v2: best ep 53 val_mse=0.0496 val_acc=0.4040 (389.3s)
AE-MSE_d128_fold2_seed0_v2: best ep 57 val_mse=0.0623 val_acc=0.7240 (389.4s)
AE-MSE_d128_fold4_seed0_v2: best ep 59 val_mse=0.1056 val_acc=0.7340 (390.1s)
AE-MSE_d128_fold6_seed0_v2: best ep 59 val_mse=0.0782 val_acc=0.5400 (390.5s)
Task-AE_d128_fold2_seed0_v2: best ep 46 val_mse=0.0764 val_acc=0.6880 (611.5s)
Task-AE_d128_fold1_seed0_v2: best ep 40 val_mse=0.1145 val_acc=0.6540 (611.9s)
Task-AE_d128_fold3_seed0_v2: best ep 43 val_mse=0.0946 val_acc=0.5320 (611.3s)
Task-AE_d128_fold4_seed0_v2: best ep 60 val_mse=0.1191 val_acc=0.7740 (612.0s)
Task-AE_d128_fold6_seed0_v2: best ep 58 val_mse=0.1122 val_acc=0.6020 (611.8s)
Task-AE_d128_fold5_seed0_v2: best ep 44 val_mse=0.0949 val_acc=0.6420 (612.1s)
                       name  method   d  fold  seed  lam_max  best_epoch  val_mse  val_acc  first_train_rec  last_train_rec  seconds
 AE-MSE_d128_fold1_seed0_v2  AE-MSE 128     1     0      1.0          53 0.049579    0.404         0.529999        0.055214    389.3
 AE-MSE_d128_fold2_seed0_v2  AE-MSE 128     2     0      1.0          57 0.062315    0.724         0.517183        0.055893    389.4
 AE-MSE_d128_fold3_seed0_v2  AE-MSE 128     3     0      1.0          58 0.049289    0.528         0.521668        0.057753    388.9
 AE-MSE_d128_fold4_seed0_v2  AE-MSE 128     4     0      1.0          59 0.105609    0.734         0.505916        0.045486    390.1
 AE-MSE_d128_fold5_seed0_v2  AE-MSE 128     5     0      1.0          58 0.062766    0.606         0.486245        0.042268    388.7
 AE-MSE_d128_fold6_seed0_v2  AE-MSE 128     6     0      1.0          59 0.078204    0.540         0.509884        0.054121    390.5
Task-AE_d128_fold1_seed0_v2 Task-AE 128     1     0      1.0          40 0.114460    0.654         0.529999        0.107200    611.9
Task-AE_d128_fold2_seed0_v2 Task-AE 128     2     0      1.0          46 0.076361    0.688         0.517183        0.068440    611.5
Task-AE_d128_fold3_seed0_v2 Task-AE 128     3     0      1.0          43 0.094576    0.532         0.521668        0.077675    611.3
Task-AE_d128_fold4_seed0_v2 Task-AE 128     4     0      1.0          60 0.119128    0.774         0.505916        0.056913    612.0
Task-AE_d128_fold5_seed0_v2 Task-AE 128     5     0      1.0          44 0.094851    0.642         0.486245        0.058753    612.1
Task-AE_d128_fold6_seed0_v2 Task-AE 128     6     0      1.0          58 0.112228    0.602         0.509884        0.081996    611.8
seed 0 fold 1 (george) done
seed 0 fold 2 (jackson) done
seed 0 fold 3 (lucas) done
seed 0 fold 4 (nicolas) done
seed 0 fold 5 (theo) done
seed 0 fold 6 (yweweler) done
          scope   method    d  bytes  Accuracy_mean  Accuracy_std  Macro_F1_mean  Delta_A_pp_mean  R_acc_mean  MSE_mean  PRD_spec_mean  n_runs
seed 0, 6 folds   AE-MSE  128    132         0.5433        0.1344         0.5184          -6.6000     90.1052    0.0679        23.8288       6
seed 0, 6 folds      DCT  128    132         0.5193        0.1362         0.5001          -9.0000     86.7542    0.0829        26.5764       6
seed 0, 6 folds     INT8 2048   2052         0.6070        0.1660         0.5785          -0.2333     99.5482    0.0003         1.7652       6
seed 0, 6 folds  Low-Mel  128    132         0.1030        0.0073         0.0294         -50.6333     18.1114    0.9599        91.2874       6
seed 0, 6 folds Original 2048   8196         0.6093        0.1651         0.5810           0.0000    100.0000    0.0000         0.0000       6
seed 0, 6 folds  Task-AE  128    132         0.5323        0.1769         0.4990          -7.7000     87.1456    0.1047        29.6212       6
== EVAL DONE: d=128 ==
== BLOCK 2: codecs d=64, 256 seed 0 ==
24 codec trainings
AE-MSE_d64_fold2_seed0_v2: best ep 55 val_mse=0.1071 val_acc=0.6560 (386.9s)
AE-MSE_d64_fold5_seed0_v2: best ep 52 val_mse=0.1106 val_acc=0.4640 (388.4s)
AE-MSE_d64_fold3_seed0_v2: best ep 50 val_mse=0.0801 val_acc=0.3260 (388.4s)
AE-MSE_d64_fold6_seed0_v2: best ep 59 val_mse=0.1189 val_acc=0.5300 (388.8s)
AE-MSE_d64_fold1_seed0_v2: best ep 50 val_mse=0.0776 val_acc=0.4220 (388.9s)
AE-MSE_d64_fold4_seed0_v2: best ep 55 val_mse=0.1558 val_acc=0.6340 (389.0s)
AE-MSE_d256_fold1_seed0_v2: best ep 59 val_mse=0.0332 val_acc=0.5020 (413.1s)
AE-MSE_d256_fold2_seed0_v2: best ep 58 val_mse=0.0378 val_acc=0.7840 (413.1s)
AE-MSE_d256_fold3_seed0_v2: best ep 59 val_mse=0.0361 val_acc=0.6160 (414.3s)
AE-MSE_d256_fold6_seed0_v2: best ep 59 val_mse=0.0543 val_acc=0.5880 (414.3s)
AE-MSE_d256_fold5_seed0_v2: best ep 58 val_mse=0.0426 val_acc=0.6340 (414.5s)
AE-MSE_d256_fold4_seed0_v2: best ep 59 val_mse=0.0764 val_acc=0.7660 (414.5s)
Task-AE_d64_fold1_seed0_v2: best ep 51 val_mse=0.1457 val_acc=0.6680 (638.0s)
Task-AE_d64_fold2_seed0_v2: best ep 51 val_mse=0.1269 val_acc=0.6260 (639.3s)
Task-AE_d64_fold5_seed0_v2: best ep 41 val_mse=0.1576 val_acc=0.6080 (638.6s)
Task-AE_d64_fold6_seed0_v2: best ep 58 val_mse=0.1566 val_acc=0.5980 (640.5s)
Task-AE_d64_fold3_seed0_v2: best ep 42 val_mse=0.0950 val_acc=0.4240 (642.8s)
Task-AE_d64_fold4_seed0_v2: best ep 57 val_mse=0.1790 val_acc=0.7460 (644.0s)
Task-AE_d256_fold1_seed0_v2: best ep 51 val_mse=0.0909 val_acc=0.6440 (665.1s)
Task-AE_d256_fold2_seed0_v2: best ep 59 val_mse=0.0522 val_acc=0.7380 (664.8s)
Task-AE_d256_fold3_seed0_v2: best ep 49 val_mse=0.0498 val_acc=0.5760 (665.5s)
Task-AE_d256_fold4_seed0_v2: best ep 60 val_mse=0.0953 val_acc=0.8020 (665.7s)
Task-AE_d256_fold5_seed0_v2: best ep 59 val_mse=0.0623 val_acc=0.6320 (665.5s)
Task-AE_d256_fold6_seed0_v2: best ep 54 val_mse=0.0930 val_acc=0.5860 (666.2s)
                       name  method   d  fold  seed  lam_max  best_epoch  val_mse  val_acc  first_train_rec  last_train_rec  seconds
  AE-MSE_d64_fold1_seed0_v2  AE-MSE  64     1     0      1.0          50 0.077641    0.422         0.525803        0.087216    388.9
  AE-MSE_d64_fold2_seed0_v2  AE-MSE  64     2     0      1.0          55 0.107060    0.656         0.511541        0.084630    386.9
  AE-MSE_d64_fold3_seed0_v2  AE-MSE  64     3     0      1.0          50 0.080067    0.326         0.512639        0.087004    388.4
  AE-MSE_d64_fold4_seed0_v2  AE-MSE  64     4     0      1.0          55 0.155827    0.634         0.498946        0.072606    389.0
  AE-MSE_d64_fold5_seed0_v2  AE-MSE  64     5     0      1.0          52 0.110630    0.464         0.463260        0.066070    388.4
  AE-MSE_d64_fold6_seed0_v2  AE-MSE  64     6     0      1.0          59 0.118913    0.530         0.515342        0.082912    388.8
 AE-MSE_d256_fold1_seed0_v2  AE-MSE 256     1     0      1.0          59 0.033180    0.502         0.570443        0.041451    413.1
 AE-MSE_d256_fold2_seed0_v2  AE-MSE 256     2     0      1.0          58 0.037785    0.784         0.560975        0.040971    413.1
 AE-MSE_d256_fold3_seed0_v2  AE-MSE 256     3     0      1.0          59 0.036113    0.616         0.563160        0.041204    414.3
 AE-MSE_d256_fold4_seed0_v2  AE-MSE 256     4     0      1.0          59 0.076430    0.766         0.536779        0.033165    414.5
 AE-MSE_d256_fold5_seed0_v2  AE-MSE 256     5     0      1.0          58 0.042614    0.634         0.506799        0.030258    414.5
 AE-MSE_d256_fold6_seed0_v2  AE-MSE 256     6     0      1.0          59 0.054269    0.588         0.544570        0.039056    414.3
 Task-AE_d64_fold1_seed0_v2 Task-AE  64     1     0      1.0          51 0.145723    0.668         0.525803        0.151432    638.0
 Task-AE_d64_fold2_seed0_v2 Task-AE  64     2     0      1.0          51 0.126880    0.626         0.511541        0.104561    639.3
 Task-AE_d64_fold3_seed0_v2 Task-AE  64     3     0      1.0          42 0.095022    0.424         0.512639        0.103017    642.8
 Task-AE_d64_fold4_seed0_v2 Task-AE  64     4     0      1.0          57 0.178970    0.746         0.498946        0.095039    644.0
 Task-AE_d64_fold5_seed0_v2 Task-AE  64     5     0      1.0          41 0.157554    0.608         0.463260        0.086859    638.6
 Task-AE_d64_fold6_seed0_v2 Task-AE  64     6     0      1.0          58 0.156616    0.598         0.515342        0.119252    640.5
Task-AE_d256_fold1_seed0_v2 Task-AE 256     1     0      1.0          51 0.090885    0.644         0.570443        0.093740    665.1
Task-AE_d256_fold2_seed0_v2 Task-AE 256     2     0      1.0          59 0.052202    0.738         0.560975        0.055674    664.8
Task-AE_d256_fold3_seed0_v2 Task-AE 256     3     0      1.0          49 0.049758    0.576         0.563160        0.054047    665.5
Task-AE_d256_fold4_seed0_v2 Task-AE 256     4     0      1.0          60 0.095285    0.802         0.536779        0.043670    665.7
Task-AE_d256_fold5_seed0_v2 Task-AE 256     5     0      1.0          59 0.062281    0.632         0.506799        0.043107    665.5
Task-AE_d256_fold6_seed0_v2 Task-AE 256     6     0      1.0          54 0.092990    0.586         0.544570        0.070860    666.2
seed 0 fold 1 (george) done
seed 0 fold 2 (jackson) done
seed 0 fold 3 (lucas) done
seed 0 fold 4 (nicolas) done
seed 0 fold 5 (theo) done
seed 0 fold 6 (yweweler) done
          scope   method    d  bytes  Accuracy_mean  Accuracy_std  Macro_F1_mean  Delta_A_pp_mean  R_acc_mean  MSE_mean  PRD_spec_mean  n_runs
seed 0, 6 folds   AE-MSE   64     68         0.4787        0.0874         0.4539         -13.0667     81.9375    0.1064        29.5218       6
seed 0, 6 folds   AE-MSE  128    132         0.5433        0.1344         0.5184          -6.6000     90.1052    0.0679        23.8288       6
seed 0, 6 folds   AE-MSE  256    260         0.5787        0.1699         0.5545          -3.0667     94.6201    0.0469        20.0525       6
seed 0, 6 folds      DCT   64     68         0.4087        0.1034         0.3573         -20.0667     71.3388    0.1318        32.9253       6
seed 0, 6 folds      DCT  128    132         0.5193        0.1362         0.5001          -9.0000     86.7542    0.0829        26.5764       6
seed 0, 6 folds      DCT  256    260         0.5820        0.1671         0.5638          -2.7333     95.5468    0.0539        21.9071       6
seed 0, 6 folds     INT8 2048   2052         0.6070        0.1660         0.5785          -0.2333     99.5482    0.0003         1.7652       6
seed 0, 6 folds  Low-Mel   64     68         0.0997        0.0008         0.0205         -50.9667     17.4728    0.9917        94.6931       6
seed 0, 6 folds  Low-Mel  128    132         0.1030        0.0073         0.0294         -50.6333     18.1114    0.9599        91.2874       6
seed 0, 6 folds  Low-Mel  256    260         0.1390        0.0252         0.0728         -47.0333     24.2734    0.8962        83.8391       6
seed 0, 6 folds Original 2048   8196         0.6093        0.1651         0.5810           0.0000    100.0000    0.0000         0.0000       6
seed 0, 6 folds  Task-AE   64     68         0.5357        0.1891         0.5091          -7.3667     87.0151    0.1414        34.2234       6
seed 0, 6 folds  Task-AE  128    132         0.5323        0.1769         0.4990          -7.7000     87.1456    0.1047        29.6212       6
seed 0, 6 folds  Task-AE  256    260         0.6033        0.1571         0.5833          -0.6000     99.4532    0.0733        24.8785       6
== EVAL DONE: d=64 128 256 ==
== BLOCK 3: multi-seed d=128 (classifier + codecs seeds 1,2) ==
[v2] fold 3 seed 1: best epoch 32/72 val_acc=0.4800 test(lucas) acc=0.4260
[v2] fold 1 seed 1: best epoch 60/100 val_acc=0.7380 test(george) acc=0.3760
[v2] fold 4 seed 1: best epoch 73/113 val_acc=0.7160 test(nicolas) acc=0.4020
[v2] fold 6 seed 1: best epoch 117/157 val_acc=0.7900 test(yweweler) acc=0.7720
[v2] fold 2 seed 1: best epoch 189/200 val_acc=0.8340 test(jackson) acc=0.6880
[v2] fold 5 seed 1: best epoch 196/200 val_acc=0.6780 test(theo) acc=0.5360
 fold  seed  best_epoch  epochs_run  val_acc  test_acc
    1     1          60         100    0.738     0.376
    2     1         189         200    0.834     0.688
    3     1          32          72    0.480     0.426
    4     1          73         113    0.716     0.402
    5     1         196         200    0.678     0.536
    6     1         117         157    0.790     0.772
mean val_acc = 0.7060   mean test_acc = 0.5333
[v2] fold 3 seed 2: best epoch 26/66 val_acc=0.4460 test(lucas) acc=0.4000
[v2] fold 1 seed 2: best epoch 54/94 val_acc=0.5780 test(george) acc=0.4280
[v2] fold 6 seed 2: best epoch 62/102 val_acc=0.5700 test(yweweler) acc=0.6860
[v2] fold 4 seed 2: best epoch 184/200 val_acc=0.7260 test(nicolas) acc=0.3600
[v2] fold 2 seed 2: best epoch 163/200 val_acc=0.7960 test(jackson) acc=0.7440
[v2] fold 5 seed 2: best epoch 185/200 val_acc=0.6420 test(theo) acc=0.4760
 fold  seed  best_epoch  epochs_run  val_acc  test_acc
    1     2          54          94    0.578     0.428
    2     2         163         200    0.796     0.744
    3     2          26          66    0.446     0.400
    4     2         184         200    0.726     0.360
    5     2         185         200    0.642     0.476
    6     2          62         102    0.570     0.686
mean val_acc = 0.6263   mean test_acc = 0.5157
24 codec trainings
AE-MSE_d128_fold2_seed1_v2: best ep 47 val_mse=0.0621 val_acc=0.6920 (386.2s)
AE-MSE_d128_fold1_seed2_v2: best ep 60 val_mse=0.0506 val_acc=0.4500 (386.9s)
AE-MSE_d128_fold1_seed1_v2: best ep 51 val_mse=0.0497 val_acc=0.6040 (386.9s)
AE-MSE_d128_fold2_seed2_v2: best ep 56 val_mse=0.0615 val_acc=0.6620 (388.0s)
AE-MSE_d128_fold3_seed2_v2: best ep 60 val_mse=0.0539 val_acc=0.4680 (388.2s)
AE-MSE_d128_fold3_seed1_v2: best ep 58 val_mse=0.0499 val_acc=0.4920 (388.2s)
AE-MSE_d128_fold6_seed1_v2: best ep 60 val_mse=0.0780 val_acc=0.7260 (368.6s)
AE-MSE_d128_fold4_seed1_v2: best ep 60 val_mse=0.1064 val_acc=0.6820 (370.6s)
AE-MSE_d128_fold5_seed1_v2: best ep 59 val_mse=0.0604 val_acc=0.6540 (370.0s)
AE-MSE_d128_fold6_seed2_v2: best ep 58 val_mse=0.0811 val_acc=0.5700 (369.9s)
AE-MSE_d128_fold5_seed2_v2: best ep 59 val_mse=0.0622 val_acc=0.5700 (370.1s)
AE-MSE_d128_fold4_seed2_v2: best ep 59 val_mse=0.1121 val_acc=0.6440 (371.9s)
Task-AE_d128_fold2_seed2_v2: best ep 42 val_mse=0.0830 val_acc=0.6760 (627.4s)
Task-AE_d128_fold1_seed2_v2: best ep 42 val_mse=0.1111 val_acc=0.5440 (629.8s)
Task-AE_d128_fold1_seed1_v2: best ep 42 val_mse=0.0939 val_acc=0.6440 (630.3s)
Task-AE_d128_fold2_seed1_v2: best ep 58 val_mse=0.0750 val_acc=0.7300 (630.7s)
Task-AE_d128_fold3_seed1_v2: best ep 41 val_mse=0.1222 val_acc=0.4980 (631.8s)
Task-AE_d128_fold3_seed2_v2: best ep 44 val_mse=0.1308 val_acc=0.5060 (635.0s)
Task-AE_d128_fold4_seed1_v2: best ep 59 val_mse=0.1325 val_acc=0.7560 (698.0s)
Task-AE_d128_fold5_seed2_v2: best ep 45 val_mse=0.0912 val_acc=0.6280 (699.0s)
Task-AE_d128_fold5_seed1_v2: best ep 40 val_mse=0.0897 val_acc=0.6940 (699.9s)
Task-AE_d128_fold4_seed2_v2: best ep 53 val_mse=0.1280 val_acc=0.7340 (701.5s)
Task-AE_d128_fold6_seed1_v2: best ep 56 val_mse=0.0953 val_acc=0.6300 (700.9s)
Task-AE_d128_fold6_seed2_v2: best ep 57 val_mse=0.1280 val_acc=0.5000 (701.1s)
                       name  method   d  fold  seed  lam_max  best_epoch  val_mse  val_acc  first_train_rec  last_train_rec  seconds
 AE-MSE_d128_fold1_seed1_v2  AE-MSE 128     1     1      1.0          51 0.049686    0.604         0.518365        0.057022    386.9
 AE-MSE_d128_fold1_seed2_v2  AE-MSE 128     1     2      1.0          60 0.050622    0.450         0.526596        0.059118    386.9
 AE-MSE_d128_fold2_seed1_v2  AE-MSE 128     2     1      1.0          47 0.062073    0.692         0.507855        0.057787    386.2
 AE-MSE_d128_fold2_seed2_v2  AE-MSE 128     2     2      1.0          56 0.061528    0.662         0.521474        0.060022    388.0
 AE-MSE_d128_fold3_seed1_v2  AE-MSE 128     3     1      1.0          58 0.049940    0.492         0.511770        0.058184    388.2
 AE-MSE_d128_fold3_seed2_v2  AE-MSE 128     3     2      1.0          60 0.053917    0.468         0.522064        0.062237    388.2
 AE-MSE_d128_fold4_seed1_v2  AE-MSE 128     4     1      1.0          60 0.106388    0.682         0.494001        0.046249    370.6
 AE-MSE_d128_fold4_seed2_v2  AE-MSE 128     4     2      1.0          59 0.112142    0.644         0.501020        0.049191    371.9
 AE-MSE_d128_fold5_seed1_v2  AE-MSE 128     5     1      1.0          59 0.060417    0.654         0.467923        0.042174    370.0
 AE-MSE_d128_fold5_seed2_v2  AE-MSE 128     5     2      1.0          59 0.062162    0.570         0.472617        0.043002    370.1
 AE-MSE_d128_fold6_seed1_v2  AE-MSE 128     6     1      1.0          60 0.078037    0.726         0.496840        0.054739    368.6
 AE-MSE_d128_fold6_seed2_v2  AE-MSE 128     6     2      1.0          58 0.081143    0.570         0.508549        0.056708    369.9
Task-AE_d128_fold1_seed1_v2 Task-AE 128     1     1      1.0          42 0.093870    0.644         0.518365        0.094749    630.3
Task-AE_d128_fold1_seed2_v2 Task-AE 128     1     2      1.0          42 0.111088    0.544         0.526596        0.099702    629.8
Task-AE_d128_fold2_seed1_v2 Task-AE 128     2     1      1.0          58 0.074976    0.730         0.507855        0.070267    630.7
Task-AE_d128_fold2_seed2_v2 Task-AE 128     2     2      1.0          42 0.083015    0.676         0.521474        0.074168    627.4
Task-AE_d128_fold3_seed1_v2 Task-AE 128     3     1      1.0          41 0.122164    0.498         0.511770        0.126605    631.8
Task-AE_d128_fold3_seed2_v2 Task-AE 128     3     2      1.0          44 0.130830    0.506         0.522064        0.146555    635.0
Task-AE_d128_fold4_seed1_v2 Task-AE 128     4     1      1.0          59 0.132541    0.756         0.494001        0.066647    698.0
Task-AE_d128_fold4_seed2_v2 Task-AE 128     4     2      1.0          53 0.128007    0.734         0.501020        0.058816    701.5
Task-AE_d128_fold5_seed1_v2 Task-AE 128     5     1      1.0          40 0.089675    0.694         0.467923        0.054175    699.9
Task-AE_d128_fold5_seed2_v2 Task-AE 128     5     2      1.0          45 0.091183    0.628         0.472617        0.059016    699.0
Task-AE_d128_fold6_seed1_v2 Task-AE 128     6     1      1.0          56 0.095312    0.630         0.496840        0.072711    700.9
Task-AE_d128_fold6_seed2_v2 Task-AE 128     6     2      1.0          57 0.128016    0.500         0.508549        0.100362    701.1
seed 0 fold 1 (george) done
seed 0 fold 2 (jackson) done
seed 0 fold 3 (lucas) done
seed 0 fold 4 (nicolas) done
seed 0 fold 5 (theo) done
seed 0 fold 6 (yweweler) done
seed 1 fold 1 (george) done
seed 1 fold 2 (jackson) done
seed 1 fold 3 (lucas) done
seed 1 fold 4 (nicolas) done
seed 1 fold 5 (theo) done
seed 1 fold 6 (yweweler) done
seed 2 fold 1 (george) done
seed 2 fold 2 (jackson) done
seed 2 fold 3 (lucas) done
seed 2 fold 4 (nicolas) done
seed 2 fold 5 (theo) done
seed 2 fold 6 (yweweler) done
              scope   method    d  bytes  Accuracy_mean  Accuracy_std  Macro_F1_mean  Delta_A_pp_mean  R_acc_mean  MSE_mean  PRD_spec_mean  n_runs
    seed 0, 6 folds   AE-MSE   64     68         0.4787        0.0874         0.4539         -13.0667     81.9375    0.1064        29.5218       6
    seed 0, 6 folds   AE-MSE  128    132         0.5433        0.1344         0.5184          -6.6000     90.1052    0.0679        23.8288       6
    seed 0, 6 folds   AE-MSE  256    260         0.5787        0.1699         0.5545          -3.0667     94.6201    0.0469        20.0525       6
    seed 0, 6 folds      DCT   64     68         0.4087        0.1034         0.3573         -20.0667     71.3388    0.1318        32.9253       6
    seed 0, 6 folds      DCT  128    132         0.5193        0.1362         0.5001          -9.0000     86.7542    0.0829        26.5764       6
    seed 0, 6 folds      DCT  256    260         0.5820        0.1671         0.5638          -2.7333     95.5468    0.0539        21.9071       6
    seed 0, 6 folds     INT8 2048   2052         0.6070        0.1660         0.5785          -0.2333     99.5482    0.0003         1.7652       6
    seed 0, 6 folds  Low-Mel   64     68         0.0997        0.0008         0.0205         -50.9667     17.4728    0.9917        94.6931       6
    seed 0, 6 folds  Low-Mel  128    132         0.1030        0.0073         0.0294         -50.6333     18.1114    0.9599        91.2874       6
    seed 0, 6 folds  Low-Mel  256    260         0.1390        0.0252         0.0728         -47.0333     24.2734    0.8962        83.8391       6
    seed 0, 6 folds Original 2048   8196         0.6093        0.1651         0.5810           0.0000    100.0000    0.0000         0.0000       6
    seed 0, 6 folds  Task-AE   64     68         0.5357        0.1891         0.5091          -7.3667     87.0151    0.1414        34.2234       6
    seed 0, 6 folds  Task-AE  128    132         0.5323        0.1769         0.4990          -7.7000     87.1456    0.1047        29.6212       6
    seed 0, 6 folds  Task-AE  256    260         0.6033        0.1571         0.5833          -0.6000     99.4532    0.0733        24.8785       6
all seeds x 6 folds   AE-MSE  128    132         0.4976        0.1449         0.4655          -5.5222     90.1465    0.0685        23.9741      18
all seeds x 6 folds      DCT  128    132         0.4761        0.1473         0.4470          -7.6667     86.3897    0.0829        26.5764      18
all seeds x 6 folds     INT8 2048   2052         0.5521        0.1579         0.5184          -0.0667     99.9142    0.0003         1.7652      18
all seeds x 6 folds  Low-Mel  128    132         0.1104        0.0214         0.0324         -44.2333     21.1771    0.9599        91.2874      18
all seeds x 6 folds Original 2048   8196         0.5528        0.1587         0.5187           0.0000    100.0000    0.0000         0.0000      18
all seeds x 6 folds  Task-AE  128    132         0.5212        0.1457         0.4863          -3.1556     95.2378    0.1067        30.1207      18
== EVAL DONE: d=64 128 256 ==
FOLLOWUP_DONE
