== BLOCK 4: d=512 seed 0 ==
12 codec trainings
AE-MSE_d512_fold2_seed0_v2: best ep 60 val_mse=0.0246 val_acc=0.8240 (464.2s)
AE-MSE_d512_fold1_seed0_v2: best ep 59 val_mse=0.0234 val_acc=0.5120 (464.3s)
AE-MSE_d512_fold5_seed0_v2: best ep 60 val_mse=0.0333 val_acc=0.6740 (465.1s)
AE-MSE_d512_fold4_seed0_v2: best ep 59 val_mse=0.0576 val_acc=0.7880 (465.5s)
AE-MSE_d512_fold6_seed0_v2: best ep 59 val_mse=0.0360 val_acc=0.5580 (466.3s)
AE-MSE_d512_fold3_seed0_v2: best ep 58 val_mse=0.0265 val_acc=0.6180 (467.2s)
Task-AE_d512_fold3_seed0_v2: best ep 40 val_mse=0.0453 val_acc=0.5800 (815.3s)
Task-AE_d512_fold1_seed0_v2: best ep 40 val_mse=0.1121 val_acc=0.5980 (818.2s)
Task-AE_d512_fold2_seed0_v2: best ep 56 val_mse=0.0419 val_acc=0.7360 (818.6s)
Task-AE_d512_fold5_seed0_v2: best ep 49 val_mse=0.0597 val_acc=0.6740 (816.7s)
Task-AE_d512_fold4_seed0_v2: best ep 54 val_mse=0.0864 val_acc=0.7900 (817.9s)
Task-AE_d512_fold6_seed0_v2: best ep 54 val_mse=0.0805 val_acc=0.6060 (817.7s)
                       name  method   d  fold  seed  lam_max  best_epoch  val_mse  val_acc  first_train_rec  last_train_rec  seconds
 AE-MSE_d512_fold1_seed0_v2  AE-MSE 512     1     0      1.0          59 0.023359    0.512         0.548044        0.030640    464.3
 AE-MSE_d512_fold2_seed0_v2  AE-MSE 512     2     0      1.0          60 0.024618    0.824         0.538261        0.031076    464.2
 AE-MSE_d512_fold3_seed0_v2  AE-MSE 512     3     0      1.0          58 0.026527    0.618         0.541173        0.033008    467.2
 AE-MSE_d512_fold4_seed0_v2  AE-MSE 512     4     0      1.0          59 0.057575    0.788         0.524257        0.025061    465.5
 AE-MSE_d512_fold5_seed0_v2  AE-MSE 512     5     0      1.0          60 0.033291    0.674         0.496940        0.022221    465.1
 AE-MSE_d512_fold6_seed0_v2  AE-MSE 512     6     0      1.0          59 0.036007    0.558         0.528150        0.028938    466.3
Task-AE_d512_fold1_seed0_v2 Task-AE 512     1     0      1.0          40 0.112076    0.598         0.548044        0.085733    818.2
Task-AE_d512_fold2_seed0_v2 Task-AE 512     2     0      1.0          56 0.041903    0.736         0.538261        0.046998    818.6
Task-AE_d512_fold3_seed0_v2 Task-AE 512     3     0      1.0          40 0.045338    0.580         0.541173        0.043432    815.3
Task-AE_d512_fold4_seed0_v2 Task-AE 512     4     0      1.0          54 0.086355    0.790         0.524257        0.037172    817.9
Task-AE_d512_fold5_seed0_v2 Task-AE 512     5     0      1.0          49 0.059671    0.674         0.496940        0.039237    816.7
Task-AE_d512_fold6_seed0_v2 Task-AE 512     6     0      1.0          54 0.080544    0.606         0.528150        0.060224    817.7
seed 0 fold 1 (george) done
seed 0 fold 2 (jackson) done
seed 0 fold 3 (lucas) done
seed 0 fold 4 (nicolas) done
seed 0 fold 5 (theo) done
seed 0 fold 6 (yweweler) done
seed 1 fold 1 (george) done
seed 1 fold 2 (jackson) done
seed 1 fold 3 (lucas) done
seed 1 fold 4 (nicolas) done
seed 1 fold 5 (theo) done
seed 1 fold 6 (yweweler) done
seed 2 fold 1 (george) done
seed 2 fold 2 (jackson) done
seed 2 fold 3 (lucas) done
seed 2 fold 4 (nicolas) done
seed 2 fold 5 (theo) done
seed 2 fold 6 (yweweler) done
              scope   method    d  bytes  Accuracy_mean  Accuracy_std  Macro_F1_mean  Delta_A_pp_mean  R_acc_mean  MSE_mean  PRD_spec_mean  n_runs
    seed 0, 6 folds   AE-MSE   64     68         0.4787        0.0874         0.4539         -13.0667     81.9375    0.1064        29.5218       6
    seed 0, 6 folds   AE-MSE  128    132         0.5433        0.1344         0.5184          -6.6000     90.1052    0.0679        23.8288       6
    seed 0, 6 folds   AE-MSE  256    260         0.5787        0.1699         0.5545          -3.0667     94.6201    0.0469        20.0525       6
    seed 0, 6 folds   AE-MSE  512    516         0.6093        0.1460         0.5882           0.0000    100.9117    0.0334        16.7172       6
    seed 0, 6 folds      DCT   64     68         0.4087        0.1034         0.3573         -20.0667     71.3388    0.1318        32.9253       6
    seed 0, 6 folds      DCT  128    132         0.5193        0.1362         0.5001          -9.0000     86.7542    0.0829        26.5764       6
    seed 0, 6 folds      DCT  256    260         0.5820        0.1671         0.5638          -2.7333     95.5468    0.0539        21.9071       6
    seed 0, 6 folds      DCT  512    516         0.5967        0.1856         0.5699          -1.2667     96.9435    0.0290        16.0257       6
    seed 0, 6 folds     INT8 2048   2052         0.6070        0.1660         0.5785          -0.2333     99.5482    0.0003         1.7652       6
    seed 0, 6 folds  Low-Mel   64     68         0.0997        0.0008         0.0205         -50.9667     17.4728    0.9917        94.6931       6
    seed 0, 6 folds  Low-Mel  128    132         0.1030        0.0073         0.0294         -50.6333     18.1114    0.9599        91.2874       6
    seed 0, 6 folds  Low-Mel  256    260         0.1390        0.0252         0.0728         -47.0333     24.2734    0.8962        83.8391       6
    seed 0, 6 folds  Low-Mel  512    516         0.2107        0.0845         0.1359         -39.8667     36.3255    0.7706        69.2217       6
    seed 0, 6 folds Original 2048   8196         0.6093        0.1651         0.5810           0.0000    100.0000    0.0000         0.0000       6
    seed 0, 6 folds  Task-AE   64     68         0.5357        0.1891         0.5091          -7.3667     87.0151    0.1414        34.2234       6
    seed 0, 6 folds  Task-AE  128    132         0.5323        0.1769         0.4990          -7.7000     87.1456    0.1047        29.6212       6
    seed 0, 6 folds  Task-AE  256    260         0.6033        0.1571         0.5833          -0.6000     99.4532    0.0733        24.8785       6
    seed 0, 6 folds  Task-AE  512    516         0.5857        0.1710         0.5607          -2.3667     95.6862    0.0702        24.2115       6
all seeds x 6 folds   AE-MSE  128    132         0.4976        0.1449         0.4655          -5.5222     90.1465    0.0685        23.9741      18
all seeds x 6 folds      DCT  128    132         0.4761        0.1473         0.4470          -7.6667     86.3897    0.0829        26.5764      18
all seeds x 6 folds     INT8 2048   2052         0.5521        0.1579         0.5184          -0.0667     99.9142    0.0003         1.7652      18
all seeds x 6 folds  Low-Mel  128    132         0.1104        0.0214         0.0324         -44.2333     21.1771    0.9599        91.2874      18
all seeds x 6 folds Original 2048   8196         0.5528        0.1587         0.5187           0.0000    100.0000    0.0000         0.0000      18
all seeds x 6 folds  Task-AE  128    132         0.5212        0.1457         0.4863          -3.1556     95.2378    0.1067        30.1207      18
== EVAL DONE: d=64 128 256 512 ==
== BLOCK 5: lambda grid (per-fold Val selection) ==
18 codec trainings
Task-AE_d128_fold1_seed0_lam2_v2: best ep 46 val_mse=0.1347 val_acc=0.6280 (646.5s)
Task-AE_d128_fold1_seed0_lam0.1_v2: best ep 46 val_mse=0.0678 val_acc=0.6500 (646.6s)
Task-AE_d128_fold1_seed0_lam0.5_v2: best ep 40 val_mse=0.1156 val_acc=0.6700 (647.5s)
Task-AE_d128_fold2_seed0_lam2_v2: best ep 41 val_mse=0.0945 val_acc=0.6400 (647.7s)
Task-AE_d128_fold2_seed0_lam0.1_v2: best ep 58 val_mse=0.0681 val_acc=0.6860 (648.6s)
Task-AE_d128_fold2_seed0_lam0.5_v2: best ep 45 val_mse=0.0726 val_acc=0.6720 (648.7s)
Task-AE_d128_fold3_seed0_lam0.5_v2: best ep 43 val_mse=0.0591 val_acc=0.5100 (587.2s)
Task-AE_d128_fold3_seed0_lam0.1_v2: best ep 46 val_mse=0.0545 val_acc=0.5440 (587.6s)
Task-AE_d128_fold3_seed0_lam2_v2: best ep 54 val_mse=0.0642 val_acc=0.5160 (588.1s)
Task-AE_d128_fold4_seed0_lam0.1_v2: best ep 60 val_mse=0.1100 val_acc=0.7700 (588.0s)
Task-AE_d128_fold4_seed0_lam0.5_v2: best ep 57 val_mse=0.1156 val_acc=0.7700 (587.7s)
Task-AE_d128_fold4_seed0_lam2_v2: best ep 60 val_mse=0.1272 val_acc=0.7900 (589.2s)
Task-AE_d128_fold5_seed0_lam0.1_v2: best ep 43 val_mse=0.0727 val_acc=0.6140 (597.6s)
Task-AE_d128_fold5_seed0_lam0.5_v2: best ep 44 val_mse=0.1122 val_acc=0.6020 (597.4s)
Task-AE_d128_fold5_seed0_lam2_v2: best ep 55 val_mse=0.0991 val_acc=0.6300 (597.6s)
Task-AE_d128_fold6_seed0_lam0.5_v2: best ep 54 val_mse=0.1033 val_acc=0.6000 (597.7s)
Task-AE_d128_fold6_seed0_lam0.1_v2: best ep 54 val_mse=0.0898 val_acc=0.5920 (598.3s)
Task-AE_d128_fold6_seed0_lam2_v2: best ep 40 val_mse=0.1411 val_acc=0.6400 (597.5s)
                              name  method   d  fold  seed  lam_max  best_epoch  val_mse  val_acc  first_train_rec  last_train_rec  seconds
Task-AE_d128_fold1_seed0_lam0.1_v2 Task-AE 128     1     0      0.1          46 0.067842    0.650         0.529999        0.067735    646.6
Task-AE_d128_fold1_seed0_lam0.5_v2 Task-AE 128     1     0      0.5          40 0.115639    0.670         0.529999        0.090705    647.5
  Task-AE_d128_fold1_seed0_lam2_v2 Task-AE 128     1     0      2.0          46 0.134721    0.628         0.529999        0.130420    646.5
Task-AE_d128_fold2_seed0_lam0.1_v2 Task-AE 128     2     0      0.1          58 0.068137    0.686         0.517183        0.059425    648.6
Task-AE_d128_fold2_seed0_lam0.5_v2 Task-AE 128     2     0      0.5          45 0.072576    0.672         0.517183        0.064411    648.7
  Task-AE_d128_fold2_seed0_lam2_v2 Task-AE 128     2     0      2.0          41 0.094519    0.640         0.517183        0.077192    647.7
Task-AE_d128_fold3_seed0_lam0.1_v2 Task-AE 128     3     0      0.1          46 0.054482    0.544         0.521668        0.060960    587.6
Task-AE_d128_fold3_seed0_lam0.5_v2 Task-AE 128     3     0      0.5          43 0.059134    0.510         0.521668        0.065293    587.2
  Task-AE_d128_fold3_seed0_lam2_v2 Task-AE 128     3     0      2.0          54 0.064230    0.516         0.521668        0.074226    588.1
Task-AE_d128_fold4_seed0_lam0.1_v2 Task-AE 128     4     0      0.1          60 0.110027    0.770         0.505916        0.049088    588.0
Task-AE_d128_fold4_seed0_lam0.5_v2 Task-AE 128     4     0      0.5          57 0.115606    0.770         0.505916        0.053257    587.7
  Task-AE_d128_fold4_seed0_lam2_v2 Task-AE 128     4     0      2.0          60 0.127242    0.790         0.505916        0.062729    589.2
Task-AE_d128_fold5_seed0_lam0.1_v2 Task-AE 128     5     0      0.1          43 0.072669    0.614         0.486245        0.046200    597.6
Task-AE_d128_fold5_seed0_lam0.5_v2 Task-AE 128     5     0      0.5          44 0.112227    0.602         0.486245        0.053658    597.4
  Task-AE_d128_fold5_seed0_lam2_v2 Task-AE 128     5     0      2.0          55 0.099097    0.630         0.486245        0.066665    597.6
Task-AE_d128_fold6_seed0_lam0.1_v2 Task-AE 128     6     0      0.1          54 0.089773    0.592         0.509884        0.062408    598.3
Task-AE_d128_fold6_seed0_lam0.5_v2 Task-AE 128     6     0      0.5          54 0.103255    0.600         0.509884        0.073470    597.7
  Task-AE_d128_fold6_seed0_lam2_v2 Task-AE 128     6     0      2.0          40 0.141083    0.640         0.509884        0.098885    597.5
== BLOCK 6: slow lambda schedule ==
6 codec trainings
Task-AE_d128_fold3_seed0_v2_slow: best ep 86 val_mse=0.0553 val_acc=0.5100 (962.8s)
Task-AE_d128_fold4_seed0_v2_slow: best ep 61 val_mse=0.1301 val_acc=0.7700 (963.4s)
Task-AE_d128_fold2_seed0_v2_slow: best ep 71 val_mse=0.0727 val_acc=0.6760 (964.0s)
Task-AE_d128_fold5_seed0_v2_slow: best ep 82 val_mse=0.0726 val_acc=0.6440 (964.2s)
Task-AE_d128_fold6_seed0_v2_slow: best ep 75 val_mse=0.1019 val_acc=0.5880 (964.3s)
Task-AE_d128_fold1_seed0_v2_slow: best ep 60 val_mse=0.1054 val_acc=0.6000 (964.5s)
                            name  method   d  fold  seed  lam_max  best_epoch  val_mse  val_acc  first_train_rec  last_train_rec  seconds
Task-AE_d128_fold1_seed0_v2_slow Task-AE 128     1     0      1.0          60 0.105439    0.600         0.529999        0.093591    964.5
Task-AE_d128_fold2_seed0_v2_slow Task-AE 128     2     0      1.0          71 0.072714    0.676         0.517183        0.060868    964.0
Task-AE_d128_fold3_seed0_v2_slow Task-AE 128     3     0      1.0          86 0.055271    0.510         0.521668        0.062317    962.8
Task-AE_d128_fold4_seed0_v2_slow Task-AE 128     4     0      1.0          61 0.130066    0.770         0.505916        0.055702    963.4
Task-AE_d128_fold5_seed0_v2_slow Task-AE 128     5     0      1.0          82 0.072630    0.644         0.486245        0.048741    964.2
Task-AE_d128_fold6_seed0_v2_slow Task-AE 128     6     0      1.0          75 0.101918    0.588         0.509884        0.071691    964.3
 fold test_speaker                               val_acc_by_lambda  selected_lambda  test_acc_selected  test_acc_lambda1
    1       george  {0.1: 0.65, 0.5: 0.67, 1.0: 0.654, 2.0: 0.628}              0.5              0.258             0.358
    2      jackson {0.1: 0.686, 0.5: 0.672, 1.0: 0.688, 2.0: 0.64}              1.0              0.760             0.760
    3        lucas {0.1: 0.544, 0.5: 0.51, 1.0: 0.532, 2.0: 0.516}              0.1              0.596             0.488
    4      nicolas   {0.1: 0.77, 0.5: 0.77, 1.0: 0.774, 2.0: 0.79}              2.0              0.380             0.340
    5         theo {0.1: 0.614, 0.5: 0.602, 1.0: 0.642, 2.0: 0.63}              1.0              0.528             0.528
    6     yweweler   {0.1: 0.592, 0.5: 0.6, 1.0: 0.602, 2.0: 0.64}              2.0              0.726             0.720
mean Test acc: per-fold Val-selected lambda 0.5413 | fixed lambda=1 0.5323
               val_acc  val_mse  test_acc  test_mse
schedule                                           
main 20/40/60   0.6487   0.1019    0.5323    0.1047
slow 30/60/90   0.6313   0.0897    0.5723    0.0882
EXT_DONE
