2 codec trainings
  ep  1 lam=0.00 rec=0.5300 cls=0.0000 val_mse=0.1977 val_acc=0.1920
  ep  1 lam=0.00 rec=0.5300 cls=7.5915 val_mse=0.1977 val_acc=0.1920
  ep  2 lam=0.00 rec=0.2039 cls=0.0000 val_mse=0.1197 val_acc=0.3600
  ep  2 lam=0.00 rec=0.2039 cls=2.7926 val_mse=0.1197 val_acc=0.3600
  ep  3 lam=0.00 rec=0.1478 cls=0.0000 val_mse=0.0988 val_acc=0.3800
  ep  3 lam=0.00 rec=0.1478 cls=1.5746 val_mse=0.0988 val_acc=0.3800
  ep  4 lam=0.00 rec=0.1273 cls=0.0000 val_mse=0.0878 val_acc=0.3780
  ep  5 lam=0.00 rec=0.1128 cls=0.0000 val_mse=0.0789 val_acc=0.3880
  ep  4 lam=0.00 rec=0.1273 cls=1.1274 val_mse=0.0878 val_acc=0.3780
  ep  6 lam=0.00 rec=0.1013 cls=0.0000 val_mse=0.0709 val_acc=0.4680
  ep  5 lam=0.00 rec=0.1128 cls=0.8151 val_mse=0.0789 val_acc=0.3880
  ep  7 lam=0.00 rec=0.0925 cls=0.0000 val_mse=0.0676 val_acc=0.4220
  ep  6 lam=0.00 rec=0.1013 cls=0.6076 val_mse=0.0709 val_acc=0.4680
  ep  8 lam=0.00 rec=0.0868 cls=0.0000 val_mse=0.0649 val_acc=0.4520
  ep  9 lam=0.00 rec=0.0826 cls=0.0000 val_mse=0.0637 val_acc=0.4300
  ep  7 lam=0.00 rec=0.0925 cls=0.4754 val_mse=0.0676 val_acc=0.4220
  ep 10 lam=0.00 rec=0.0805 cls=0.0000 val_mse=0.0603 val_acc=0.4540
  ep  8 lam=0.00 rec=0.0868 cls=0.4105 val_mse=0.0649 val_acc=0.4520
  ep 11 lam=0.00 rec=0.0772 cls=0.0000 val_mse=0.0597 val_acc=0.4880
  ep  9 lam=0.00 rec=0.0826 cls=0.3792 val_mse=0.0637 val_acc=0.4300
  ep 12 lam=0.00 rec=0.0760 cls=0.0000 val_mse=0.0583 val_acc=0.4740
  ep 13 lam=0.00 rec=0.0737 cls=0.0000 val_mse=0.0563 val_acc=0.4680
  ep 10 lam=0.00 rec=0.0805 cls=0.3712 val_mse=0.0603 val_acc=0.4540
  ep 14 lam=0.00 rec=0.0722 cls=0.0000 val_mse=0.0575 val_acc=0.4640
  ep 11 lam=0.00 rec=0.0772 cls=0.3483 val_mse=0.0597 val_acc=0.4880
  ep 15 lam=0.00 rec=0.0719 cls=0.0000 val_mse=0.0602 val_acc=0.4020
  ep 12 lam=0.00 rec=0.0760 cls=0.3489 val_mse=0.0583 val_acc=0.4740
  ep 16 lam=0.00 rec=0.0707 cls=0.0000 val_mse=0.0550 val_acc=0.4760
  ep 17 lam=0.00 rec=0.0689 cls=0.0000 val_mse=0.0547 val_acc=0.4440
  ep 13 lam=0.00 rec=0.0737 cls=0.3329 val_mse=0.0563 val_acc=0.4680
  ep 18 lam=0.00 rec=0.0684 cls=0.0000 val_mse=0.0539 val_acc=0.4700
  ep 14 lam=0.00 rec=0.0722 cls=0.3273 val_mse=0.0575 val_acc=0.4640
  ep 19 lam=0.00 rec=0.0673 cls=0.0000 val_mse=0.0548 val_acc=0.4300
  ep 15 lam=0.00 rec=0.0719 cls=0.3323 val_mse=0.0602 val_acc=0.4020
  ep 20 lam=0.00 rec=0.0666 cls=0.0000 val_mse=0.0529 val_acc=0.4640
  ep 16 lam=0.00 rec=0.0707 cls=0.3291 val_mse=0.0550 val_acc=0.4760
  ep 21 lam=0.00 rec=0.0656 cls=0.0000 val_mse=0.0541 val_acc=0.4680
  ep 22 lam=0.00 rec=0.0660 cls=0.0000 val_mse=0.0535 val_acc=0.4720
  ep 17 lam=0.00 rec=0.0689 cls=0.3188 val_mse=0.0547 val_acc=0.4440
  ep 23 lam=0.00 rec=0.0649 cls=0.0000 val_mse=0.0526 val_acc=0.4880
  ep 18 lam=0.00 rec=0.0684 cls=0.3198 val_mse=0.0539 val_acc=0.4700
  ep 24 lam=0.00 rec=0.0644 cls=0.0000 val_mse=0.0529 val_acc=0.4760
  ep 19 lam=0.00 rec=0.0673 cls=0.3052 val_mse=0.0548 val_acc=0.4300
  ep 25 lam=0.00 rec=0.0637 cls=0.0000 val_mse=0.0517 val_acc=0.4660
  ep 26 lam=0.00 rec=0.0632 cls=0.0000 val_mse=0.0516 val_acc=0.4840
  ep 20 lam=0.00 rec=0.0666 cls=0.3007 val_mse=0.0529 val_acc=0.4640
  ep 27 lam=0.00 rec=0.0631 cls=0.0000 val_mse=0.0521 val_acc=0.4720
  ep 21 lam=0.05 rec=0.1481 cls=1.2455 val_mse=0.0783 val_acc=0.4080
  ep 28 lam=0.00 rec=0.0629 cls=0.0000 val_mse=0.0535 val_acc=0.5040
  ep 22 lam=0.10 rec=0.0946 cls=0.3758 val_mse=0.0740 val_acc=0.4220
  ep 29 lam=0.00 rec=0.0623 cls=0.0000 val_mse=0.0519 val_acc=0.4700
  ep 30 lam=0.00 rec=0.0616 cls=0.0000 val_mse=0.0512 val_acc=0.4840
  ep 23 lam=0.15 rec=0.0931 cls=0.3597 val_mse=0.0708 val_acc=0.4140
  ep 31 lam=0.00 rec=0.0613 cls=0.0000 val_mse=0.0511 val_acc=0.4940
  ep 24 lam=0.20 rec=0.0894 cls=0.2604 val_mse=0.0717 val_acc=0.4460
  ep 32 lam=0.00 rec=0.0614 cls=0.0000 val_mse=0.0511 val_acc=0.5060
  ep 25 lam=0.25 rec=0.1042 cls=0.3571 val_mse=0.0780 val_acc=0.5220
  ep 33 lam=0.00 rec=0.0608 cls=0.0000 val_mse=0.0510 val_acc=0.4800
  ep 34 lam=0.00 rec=0.0603 cls=0.0000 val_mse=0.0512 val_acc=0.4960
  ep 26 lam=0.30 rec=0.0922 cls=0.2222 val_mse=0.0758 val_acc=0.5320
  ep 35 lam=0.00 rec=0.0600 cls=0.0000 val_mse=0.0513 val_acc=0.5100
  ep 27 lam=0.35 rec=0.0963 cls=0.2170 val_mse=0.0721 val_acc=0.4560
  ep 36 lam=0.00 rec=0.0600 cls=0.0000 val_mse=0.0540 val_acc=0.5020
  ep 28 lam=0.40 rec=0.0939 cls=0.1720 val_mse=0.0730 val_acc=0.4460
  ep 37 lam=0.00 rec=0.0599 cls=0.0000 val_mse=0.0518 val_acc=0.5100
  ep 38 lam=0.00 rec=0.0597 cls=0.0000 val_mse=0.0507 val_acc=0.4900
  ep 29 lam=0.45 rec=0.0962 cls=0.1682 val_mse=0.0740 val_acc=0.4720
  ep 39 lam=0.00 rec=0.0592 cls=0.0000 val_mse=0.0503 val_acc=0.4760
  ep 30 lam=0.50 rec=0.0952 cls=0.1535 val_mse=0.0832 val_acc=0.4380
  ep 40 lam=0.00 rec=0.0586 cls=0.0000 val_mse=0.0503 val_acc=0.4940
  ep 31 lam=0.55 rec=0.1004 cls=0.1599 val_mse=0.0773 val_acc=0.5280
  ep 41 lam=0.00 rec=0.0586 cls=0.0000 val_mse=0.0525 val_acc=0.4520
  ep 42 lam=0.00 rec=0.0596 cls=0.0000 val_mse=0.0505 val_acc=0.4960
  ep 32 lam=0.60 rec=0.0974 cls=0.1251 val_mse=0.0825 val_acc=0.5300
  ep 43 lam=0.00 rec=0.0579 cls=0.0000 val_mse=0.0501 val_acc=0.4880
  ep 33 lam=0.65 rec=0.0964 cls=0.0928 val_mse=0.0803 val_acc=0.5000
  ep 44 lam=0.00 rec=0.0577 cls=0.0000 val_mse=0.0504 val_acc=0.5040
  ep 34 lam=0.70 rec=0.0938 cls=0.0872 val_mse=0.0875 val_acc=0.5640
  ep 45 lam=0.00 rec=0.0576 cls=0.0000 val_mse=0.0502 val_acc=0.4920
  ep 46 lam=0.00 rec=0.0576 cls=0.0000 val_mse=0.0507 val_acc=0.4680
  ep 35 lam=0.75 rec=0.1052 cls=0.1217 val_mse=0.0834 val_acc=0.5560
  ep 47 lam=0.00 rec=0.0581 cls=0.0000 val_mse=0.0511 val_acc=0.5060
  ep 36 lam=0.80 rec=0.0989 cls=0.0793 val_mse=0.0957 val_acc=0.4020
  ep 48 lam=0.00 rec=0.0571 cls=0.0000 val_mse=0.0500 val_acc=0.5020
  ep 37 lam=0.85 rec=0.1071 cls=0.0901 val_mse=0.0830 val_acc=0.5300
  ep 49 lam=0.00 rec=0.0568 cls=0.0000 val_mse=0.0515 val_acc=0.4980
  ep 38 lam=0.90 rec=0.1034 cls=0.0785 val_mse=0.0975 val_acc=0.5160
  ep 50 lam=0.00 rec=0.0572 cls=0.0000 val_mse=0.0496 val_acc=0.4900
  ep 51 lam=0.00 rec=0.0565 cls=0.0000 val_mse=0.0505 val_acc=0.4900
  ep 39 lam=0.95 rec=0.1078 cls=0.0875 val_mse=0.0862 val_acc=0.5540
  ep 52 lam=0.00 rec=0.0566 cls=0.0000 val_mse=0.0501 val_acc=0.4800
  ep 40 lam=1.00 rec=0.1067 cls=0.0650 val_mse=0.0835 val_acc=0.4900
  ep 53 lam=0.00 rec=0.0565 cls=0.0000 val_mse=0.0497 val_acc=0.4760
  ep 41 lam=1.00 rec=0.0975 cls=0.0392 val_mse=0.0782 val_acc=0.4720
  ep 54 lam=0.00 rec=0.0562 cls=0.0000 val_mse=0.0498 val_acc=0.4820
  ep 55 lam=0.00 rec=0.0559 cls=0.0000 val_mse=0.0500 val_acc=0.4900
  ep 42 lam=1.00 rec=0.0947 cls=0.0321 val_mse=0.0728 val_acc=0.4840
  ep 56 lam=0.00 rec=0.0559 cls=0.0000 val_mse=0.0504 val_acc=0.4980
  ep 43 lam=1.00 rec=0.0903 cls=0.0273 val_mse=0.0753 val_acc=0.4980
  ep 57 lam=0.00 rec=0.0557 cls=0.0000 val_mse=0.0499 val_acc=0.4900
  ep 44 lam=1.00 rec=0.0903 cls=0.0252 val_mse=0.0722 val_acc=0.5280
  ep 58 lam=0.00 rec=0.0562 cls=0.0000 val_mse=0.0504 val_acc=0.4780
  ep 59 lam=0.00 rec=0.0563 cls=0.0000 val_mse=0.0499 val_acc=0.4900
  ep 45 lam=1.00 rec=0.0880 cls=0.0227 val_mse=0.0722 val_acc=0.5240
  ep 60 lam=0.00 rec=0.0552 cls=0.0000 val_mse=0.0496 val_acc=0.4820
AE-MSE_d128_fold1_seed0: best ep 50 val_mse=0.0496 val_acc=0.4900 (287.4s)
  ep 46 lam=1.00 rec=0.0873 cls=0.0219 val_mse=0.0706 val_acc=0.5260
  ep 47 lam=1.00 rec=0.0867 cls=0.0206 val_mse=0.0700 val_acc=0.5180
  ep 48 lam=1.00 rec=0.0864 cls=0.0201 val_mse=0.0704 val_acc=0.5240
  ep 49 lam=1.00 rec=0.0857 cls=0.0201 val_mse=0.0703 val_acc=0.5260
  ep 50 lam=1.00 rec=0.0849 cls=0.0190 val_mse=0.0691 val_acc=0.5020
  ep 51 lam=1.00 rec=0.0843 cls=0.0176 val_mse=0.0702 val_acc=0.5240
  ep 52 lam=1.00 rec=0.0842 cls=0.0179 val_mse=0.0694 val_acc=0.5060
  ep 53 lam=1.00 rec=0.0836 cls=0.0173 val_mse=0.0684 val_acc=0.5180
  ep 54 lam=1.00 rec=0.0828 cls=0.0164 val_mse=0.0682 val_acc=0.5080
  ep 55 lam=1.00 rec=0.0833 cls=0.0166 val_mse=0.0677 val_acc=0.5300
  ep 56 lam=1.00 rec=0.0824 cls=0.0158 val_mse=0.0671 val_acc=0.5120
  ep 57 lam=1.00 rec=0.0816 cls=0.0151 val_mse=0.0666 val_acc=0.5160
  ep 58 lam=1.00 rec=0.0810 cls=0.0145 val_mse=0.0671 val_acc=0.5180
  ep 59 lam=1.00 rec=0.0808 cls=0.0143 val_mse=0.0662 val_acc=0.5260
  ep 60 lam=1.00 rec=0.0803 cls=0.0139 val_mse=0.0662 val_acc=0.5080
Task-AE_d128_fold1_seed0: best ep 55 val_mse=0.0677 val_acc=0.5300 (356.1s)
                    name  method   d  fold  seed  lam_max  best_epoch  val_mse  val_acc  first_train_rec  last_train_rec  seconds
 AE-MSE_d128_fold1_seed0  AE-MSE 128     1     0      1.0          50 0.049572     0.49         0.529999        0.055238    287.4
Task-AE_d128_fold1_seed0 Task-AE 128     1     0      1.0          55 0.067727     0.53         0.529999        0.080312    356.1
