ESP-ROM:esp32s3-20210327
Build:Mar 27 2021
rst:0x1 (POWERON),boot:0x4 (SPI_FLASH_BOOT)
SPIWP:0xee
mode:DIO, clock div:1
load:0x3fce2820,len:0x14f0
load:0x403c8700,len:0xd30
load:0x403cb700,len:0x2eec
entry 0x403c8928
I (37) boot: ESP-IDF v5.5.5 2nd stage bootloader
I (38) boot: compile time Oct  5 2026 10:18:07
I (39) boot: Multicore bootloader
I (45) boot: chip revision: v0.3
I (45) boot: efuse block revision: v0.0
I (47) boot.esp32s3: Boot SPI Speed : 80MHz
I (47) boot.esp32s3: SPI Mode       : SLOW READ
I (48) boot.esp32s3: SPI Flash Size : 4MB
I (51) boot: Enabling RNG early entropy source...
I (58) boot: Partition Table:
I (59) boot: ## Label            Usage          Type ST Offset   Length
I (59) boot:  0 nvs              WiFi data        01 02 00009000 00006000
I (60) boot:  1 phy_init         RF data          01 01 0000f000 00001000
I (61) boot:  2 factory          factory app      00 00 00010000 00177000
I (62) boot: End of partition table
I (63) esp_image: segment 0: paddr=00010020 vaddr=3c020020 size=d1378h (856952) map
I (230) esp_image: segment 1: paddr=000e13a0 vaddr=3fc92d00 size=03108h ( 12552) load
I (238) esp_image: segment 2: paddr=000e44b0 vaddr=40374000 size=0bb68h ( 47976) load
I (250) esp_image: segment 3: paddr=000f0020 vaddr=42000020 size=17250h ( 94800) map
I (265) esp_image: segment 4: paddr=00107278 vaddr=4037fb68 size=03154h ( 12628) load
I (268) esp_image: segment 5: paddr=0010a3d4 vaddr=50000000 size=00020h (    32) load
I (272) boot: Loaded app from partition at offset 0x10000
I (273) boot: Disabling RNG early entropy source...
W (581) rtcinit: o_code calibration fail

I (310) octal_psram: vendor id    : 0x0d (AP)
I (311) octal_psram: dev id       : 0x02 (generation 3)
I (311) octal_psram: density      : 0x07 (256 Mbit)
I (311) octal_psram: good-die     : 0x01 (Pass)
I (317) octal_psram: Latency      : 0x01 (Fixed)
I (317) octal_psram: VCC          : 0x00 (1.8V)
I (317) octal_psram: SRF          : 0x01 (Fast Refresh)
I (317) octal_psram: BurstType    : 0x01 (Hybrid Wrap)
I (318) octal_psram: BurstLen     : 0x01 (32 Byte)
I (318) octal_psram: Readlatency  : 0x02 (10 cycles@Fixed)
I (318) octal_psram: DriveStrength: 0x00 (1/1)
I (320) esp_psram: Found 32MB PSRAM device
I (321) esp_psram: Speed: 40MHz
W (321) esp_psram: Virtual address not enough for PSRAM, map as much as we can. 31MB is mapped
I (323) cpu_start: Multicore app
I (338) esp_psram: SPI SRAM memory test OK
I (349) cpu_start: GPIO 44 and 43 are used as console UART I/O pins
I (351) cpu_start: Pro cpu start user code
I (351) cpu_start: cpu freq: 240000000 Hz
I (351) app_init: Application information:
I (351) app_init: Project name:     c3_node
I (351) app_init: App version:      1
I (351) app_init: Compile time:     Oct  5 2026 10:17:47
I (351) app_init: ELF file SHA256:  4f1acbda4...
I (351) app_init: ESP-IDF:          v5.5.5
I (352) efuse_init: Min chip rev:     v0.0
I (352) efuse_init: Max chip rev:     v0.99 
I (352) efuse_init: Chip rev:         v0.3
I (352) heap_init: Initializing. RAM available for dynamic allocation:
I (352) heap_init: At 3FC9AFC0 len 0004E750 (313 KiB): RAM
I (352) heap_init: At 3FCE9710 len 00005724 (21 KiB): RAM
I (353) heap_init: At 3FCF0000 len 00008000 (32 KiB): DRAM
I (353) heap_init: At 600FE000 len 00001FE8 (7 KiB): RTCRAM
I (357) esp_psram: Adding pool of 31744K of PSRAM memory to heap allocator
I (360) spi_flash: detected chip: gd
I (361) spi_flash: flash io: dio
I (361) sleep_gpio: Configure to isolate all GPIO pins in sleep state
I (362) sleep_gpio: Enable automatic switching of GPIO sleep configuration
I (364) main_task: Started on CPU0
I (364) esp_psram: Reserving pool of 32K of internal memory for DMA/internal allocations
I (364) main_task: Calling app_main()

[MODEL]
name=Task-AE_d128_fold1_seed0
d=128
r=4
input=1x64x32
latent=128
dtype=INT8 latent, float32 weights/activations
encoder_params=93188
model_size_bytes=372752
preproc_fold=1
[BOARD]
chip=ESP32-S3 rev=3 cores=2
cpu_mhz=240
flash_bytes=4194304
idf=v5.5.5
compiler=14.2.0
opt=-O2 (perf)
[MEM] stage=boot free_heap=32865207 min_free_heap=32833176 internal_free=362067 largest_internal_block=262144 psram_total=32505856 psram_free=32503140
[MEM] activation_buffers_bytes=141060
[MEM] stage=after_model_init free_heap=32723807 min_free_heap=32691776 internal_free=220667 largest_internal_block=135168 psram_total=32505856 psram_free=32503140
[CHECK] sample=000 label=0 L1_exact=128/128 L1_max_q_diff=0 L2_logmel_max_abs_err=0.000007 L2_exact=128/128 L2_max_q_diff=0 status=PASS
[CHECK] sample=001 label=0 L1_exact=128/128 L1_max_q_diff=0 L2_logmel_max_abs_err=0.000010 L2_exact=128/128 L2_max_q_diff=0 status=PASS
[CHECK] sample=002 label=1 L1_exact=128/128 L1_max_q_diff=0 L2_logmel_max_abs_err=0.000006 L2_exact=128/128 L2_max_q_diff=0 status=PASS
[CHECK] sample=003 label=1 L1_exact=128/128 L1_max_q_diff=0 L2_logmel_max_abs_err=0.000002 L2_exact=128/128 L2_max_q_diff=0 status=PASS
[CHECK] sample=004 label=2 L1_exact=128/128 L1_max_q_diff=0 L2_logmel_max_abs_err=0.000003 L2_exact=128/128 L2_max_q_diff=0 status=PASS
[CHECK] sample=005 label=2 L1_exact=128/128 L1_max_q_diff=0 L2_logmel_max_abs_err=0.000003 L2_exact=128/128 L2_max_q_diff=0 status=PASS
[CHECK] sample=006 label=3 L1_exact=128/128 L1_max_q_diff=0 L2_logmel_max_abs_err=0.000003 L2_exact=128/128 L2_max_q_diff=0 status=PASS
[CHECK] sample=007 label=3 L1_exact=128/128 L1_max_q_diff=0 L2_logmel_max_abs_err=0.000004 L2_exact=128/128 L2_max_q_diff=0 status=PASS
[CHECK] sample=008 label=4 L1_exact=128/128 L1_max_q_diff=0 L2_logmel_max_abs_err=0.000016 L2_exact=128/128 L2_max_q_diff=0 status=PASS
[CHECK] sample=009 label=4 L1_exact=128/128 L1_max_q_diff=0 L2_logmel_max_abs_err=0.000003 L2_exact=128/128 L2_max_q_diff=0 status=PASS
[CHECK] summary pass=10/10
[BENCH] warmup=50 runs=1000 batch=1 input=embedded_vector_0 mode=audio->preproc->encoder->int8->packet
[RUN] 0 30666 119987 126 44
[RUN] 1 32203 118141 86 8
[RUN] 2 32426 257741 2113 13
[RUN] 3 81027 133263 87 9
[RUN] 4 41216 149395 93 10
[RUN] 5 42803 165319 92 9
[RUN] 6 48209 180722 141 12
[RUN] 7 69024 157508 88 8
[RUN] 8 35981 232959 526 11
[RUN] 9 43684 128798 88 8
[RUN] 10 44019 164258 110 8
[RUN] 11 46337 176856 223 36
[RUN] 12 46851 157523 185 12
[RUN] 13 51549 165100 99 9
[RUN] 14 34168 153484 86 28
[RUN] 15 45959 152311 112 9
[RUN] 16 31164 135582 89 9
[RUN] 17 67322 125542 87 8
[RUN] 18 34009 117276 90 9
[RUN] 19 37388 143418 86 8
[RUN] 20 34432 126086 87 8
[RUN] 21 32135 122122 88 8
[RUN] 22 30850 134611 83 8
[RUN] 23 38779 139198 86 8
[RUN] 24 30819 116685 113 8
[RUN] 25 34732 136502 86 8
[RUN] 26 44533 180945 115 10
[RUN] 27 48311 131868 85 8
[RUN] 28 40409 151739 148 10
[RUN] 29 51292 164378 114 10
[RUN] 30 34184 172434 164 13
[RUN] 31 79165 147930 90 9
[RUN] 32 48549 147377 90 9
[RUN] 33 42241 168050 123 9
[RUN] 34 37762 128426 84 8
[RUN] 35 30787 241375 92 8
[RUN] 36 81675 140670 112 9
[RUN] 37 36246 133202 90 8
[RUN] 38 40635 229443 111 8
[RUN] 39 47503 161621 86 9
[RUN] 40 55433 226102 86 9
[RUN] 41 38891 179968 109 10
[RUN] 42 52032 135314 89 9
[RUN] 43 32479 147834 86 9
[RUN] 44 35580 132688 115 9
[RUN] 45 46050 142695 85 8
[RUN] 46 32319 136913 86 8
[RUN] 47 43465 160213 86 9
[RUN] 48 41819 137429 85 8
[RUN] 49 36357 160168 90 9
[RUN] 50 36142 120113 84 8
[RUN] 51 39790 133113 123 10
[RUN] 52 45428 129917 90 10
[RUN] 53 37489 151351 90 8
[RUN] 54 45098 174834 99 9
[RUN] 55 51700 159384 87 9
[RUN] 56 49319 177731 397 10
[RUN] 57 36869 118749 296 10
[RUN] 58 30525 118744 85 8
[RUN] 59 36903 128667 87 8
[RUN] 60 38287 118849 86 9
[RUN] 61 30305 152053 85 8
[RUN] 62 30596 137299 118 9
[RUN] 63 46885 172556 160 24
[RUN] 64 65580 186796 90 9
[RUN] 65 57634 170348 117 9
[RUN] 66 37636 151194 85 8
[RUN] 67 33874 138894 93 9
[RUN] 68 50526 182417 87 109
[RUN] 69 50319 126966 88 9
[RUN] 70 36709 162863 92 10
[RUN] 71 44519 120556 120 10
[RUN] 72 41409 154100 116 9
[RUN] 73 35264 160413 88 8
[RUN] 74 41584 151834 134 10
[RUN] 75 33536 145295 85 9
[RUN] 76 49746 136073 88 8
[RUN] 77 35748 140176 87 8
[RUN] 78 44871 140731 85 8
[RUN] 79 33468 129813 119 10
[RUN] 80 39231 127489 88 8
[RUN] 81 49645 114685 87 9
[RUN] 82 30605 143793 112 9
[RUN] 83 42701 148704 2413 12
[RUN] 84 34352 154106 88 9
[RUN] 85 73002 157313 86 9
[RUN] 86 33814 120821 116 10
[RUN] 87 33757 127132 85 9
[RUN] 88 36377 149094 86 9
[RUN] 89 31338 121132 117 11
[RUN] 90 37422 138812 88 8
[RUN] 91 28923 125304 88 8
[RUN] 92 34991 161654 332 9
[RUN] 93 41192 121574 84 7
[RUN] 94 42581 158681 116 9
[RUN] 95 34147 125534 120 9
[RUN] 96 34690 129879 95 9
[RUN] 97 28499 114354 84 8
[RUN] 98 52005 131467 90 9
[RUN] 99 36172 131578 85 8
[RUN] 100 41115 115089 84 8
[RUN] 101 31071 124362 87 8
[RUN] 102 48158 136636 114 9
[RUN] 103 32823 116452 85 8
[RUN] 104 32000 131120 84 8
[RUN] 105 34198 114228 90 9
[RUN] 106 39137 115799 87 8
[RUN] 107 41515 120109 89 9
[RUN] 108 38890 129314 88 9
[RUN] 109 39046 124011 86 9
[RUN] 110 36663 122729 86 8
[RUN] 111 32697 120641 115 9
[RUN] 112 36206 124476 85 8
[RUN] 113 36144 125753 84 9
[RUN] 114 32626 116535 85 9
[RUN] 115 39725 112248 85 8
[RUN] 116 30897 117666 87 8
[RUN] 117 34639 132853 86 9
[RUN] 118 32288 118404 86 8
[RUN] 119 45749 123787 89 9
[RUN] 120 35664 117944 85 9
[RUN] 121 31221 128020 85 9
[RUN] 122 30374 133376 84 9
[RUN] 123 34227 129164 88 8
[RUN] 124 30168 113719 116 11
[RUN] 125 30474 111727 91 8
[RUN] 126 46867 126972 85 8
[RUN] 127 32759 127093 87 8
[RUN] 128 33621 115756 88 9
[RUN] 129 32358 123481 88 8
[RUN] 130 29687 111865 2254 10
[RUN] 131 30112 118864 84 8
[RUN] 132 30251 118296 132 9
[RUN] 133 32413 125475 84 9
[RUN] 134 44116 117517 86 8
[RUN] 135 38459 120477 85 9
[RUN] 136 34084 122989 87 8
[RUN] 137 50879 122024 86 8
[RUN] 138 29268 118504 87 8
[RUN] 139 29182 122979 83 9
[RUN] 140 33704 119266 86 10
[RUN] 141 39911 119851 520 10
[RUN] 142 40276 120397 85 8
[RUN] 143 35947 117351 89 8
[RUN] 144 30416 121838 84 8
[RUN] 145 36278 113681 117 10
[RUN] 146 32785 110332 85 7
[RUN] 147 31700 119927 88 8
[RUN] 148 37701 118042 84 8
[RUN] 149 37291 119719 119 10
[RUN] 150 41659 115990 85 8
[RUN] 151 32493 118187 88 8
[RUN] 152 33504 117740 126 10
[RUN] 153 36637 117746 87 9
[RUN] 154 31637 113684 113 9
[RUN] 155 30973 126066 88 8
[RUN] 156 32355 111767 88 9
[RUN] 157 30509 112303 85 36
[RUN] 158 33524 124995 86 8
[RUN] 159 30059 125553 86 8
[RUN] 160 30644 122464 119 9
[RUN] 161 33863 124078 84 8
[RUN] 162 30706 113821 85 8
[RUN] 163 30759 108394 88 9
[RUN] 164 29858 110807 85 9
[RUN] 165 36599 113261 86 9
[RUN] 166 31952 115396 87 8
[RUN] 167 31020 111410 87 8
[RUN] 168 33063 114239 87 9
[RUN] 169 33226 112097 86 8
[RUN] 170 34957 111539 191 10
[RUN] 171 32863 115158 85 9
[RUN] 172 31392 112117 85 8
[RUN] 173 30950 118228 86 10
[RUN] 174 31884 133790 111 9
[RUN] 175 32116 108733 83 8
[RUN] 176 36725 110106 85 8
[RUN] 177 29674 115486 85 8
[RUN] 178 30051 123100 134 12
[RUN] 179 32231 123703 85 8
[RUN] 180 29339 113706 127 10
[RUN] 181 30603 118232 90 8
[RUN] 182 38140 121063 85 9
[RUN] 183 35121 117045 117 9
[RUN] 184 33002 118299 87 8
[RUN] 185 34856 127545 124 10
[RUN] 186 33142 135018 116 10
[RUN] 187 31569 106677 83 8
[RUN] 188 42945 118349 84 14
[RUN] 189 33811 110676 88 9
[RUN] 190 33467 114594 87 8
[RUN] 191 34324 120884 121 8
[RUN] 192 29277 113898 89 8
[RUN] 193 33107 115831 111 10
[RUN] 194 29789 112761 92 10
[RUN] 195 32004 112680 84 8
[RUN] 196 28549 111068 86 8
[RUN] 197 31905 110312 112 8
[RUN] 198 30534 117926 88 9
[RUN] 199 33068 121512 85 8
[RUN] 200 29557 108716 92 9
[RUN] 201 30396 111819 82 8
[RUN] 202 30837 114670 87 8
[RUN] 203 29513 114373 114 9
[RUN] 204 29540 108584 87 9
[RUN] 205 33574 110563 83 9
[RUN] 206 30524 110361 88 8
[RUN] 207 33729 111232 89 9
[RUN] 208 32224 113008 87 9
[RUN] 209 32363 117628 112 9
[RUN] 210 32085 118328 84 8
[RUN] 211 29941 113142 92 10
[RUN] 212 34045 116294 145 10
[RUN] 213 33036 134629 89 8
[RUN] 214 29946 118711 91 9
[RUN] 215 31330 138540 87 8
[RUN] 216 39258 112349 83 9
[RUN] 217 29184 114382 85 9
[RUN] 218 33886 110790 252 12
[RUN] 219 29656 117928 118 9
[RUN] 220 44095 117081 84 8
[RUN] 221 29582 115158 85 8
[RUN] 222 29972 129975 89 9
[RUN] 223 28894 113414 84 8
[RUN] 224 33165 115821 114 8
[RUN] 225 32251 116408 90 9
[RUN] 226 32919 113547 91 9
[RUN] 227 31190 120926 115 9
[RUN] 228 29539 125309 120 9
[RUN] 229 29189 108946 88 9
[RUN] 230 29553 108179 93 8
[RUN] 231 32033 111780 84 8
[RUN] 232 31628 122811 111 8
[RUN] 233 32217 111324 86 9
[RUN] 234 30339 110997 88 9
[RUN] 235 30031 127037 86 9
[RUN] 236 34888 113261 93 8
[RUN] 237 33041 116913 117 9
[RUN] 238 30853 111197 85 8
[RUN] 239 31416 121612 84 9
[RUN] 240 31134 122109 87 9
[RUN] 241 30742 118027 86 9
[RUN] 242 29475 114965 118 10
[RUN] 243 36651 109183 85 8
[RUN] 244 37887 115124 83 8
[RUN] 245 34676 121145 88 9
[RUN] 246 31638 118650 89 8
[RUN] 247 36963 116825 85 9
[RUN] 248 47174 115993 84 10
[RUN] 249 31202 117560 91 8
[RUN] 250 35160 111763 87 8
[RUN] 251 34668 119626 83 9
[RUN] 252 35029 115317 86 8
[RUN] 253 30552 119320 84 8
[RUN] 254 30460 112427 89 8
[RUN] 255 31382 128509 89 8
[RUN] 256 31417 123354 86 8
[RUN] 257 29757 115812 85 9
[RUN] 258 30272 115306 120 10
[RUN] 259 30255 114111 85 10
[RUN] 260 29892 108711 83 8
[RUN] 261 29372 108923 88 9
[RUN] 262 30093 114361 89 9
[RUN] 263 28531 109683 90 8
[RUN] 264 29057 127873 84 8
[RUN] 265 30671 113975 85 9
[RUN] 266 38550 112427 87 8
[RUN] 267 34883 112715 89 9
[RUN] 268 32386 112723 99 9
[RUN] 269 32608 110130 88 8
[RUN] 270 31278 112266 85 8
[RUN] 271 29474 114664 91 9
[RUN] 272 28960 115338 83 8
[RUN] 273 31626 111182 86 9
[RUN] 274 30071 111301 330 9
[RUN] 275 31449 124226 86 8
[RUN] 276 29223 122435 85 9
[RUN] 277 30508 110415 88 8
[RUN] 278 31390 113093 91 10
[RUN] 279 37668 125752 84 8
[RUN] 280 30972 121716 115 9
[RUN] 281 43361 118937 84 8
[RUN] 282 29684 119070 83 8
[RUN] 283 30194 110251 86 9
[RUN] 284 31818 124910 85 10
[RUN] 285 32656 123765 93 11
[RUN] 286 34309 112614 117 10
[RUN] 287 32289 113503 85 10
[RUN] 288 31560 111461 84 9
[RUN] 289 33000 109348 84 8
[RUN] 290 30654 113514 83 8
[RUN] 291 29433 116784 86 8
[RUN] 292 28868 123344 86 9
[RUN] 293 32785 116472 89 8
[RUN] 294 34774 112251 85 9
[RUN] 295 34777 109770 92 12
[RUN] 296 32201 110943 130 11
[RUN] 297 29422 108940 83 8
[RUN] 298 31632 117120 169 10
[RUN] 299 34230 127544 86 8
[RUN] 300 28707 112521 93 9
[RUN] 301 30858 116085 86 9
[RUN] 302 29447 113885 88 9
[RUN] 303 31531 109807 85 8
[RUN] 304 32298 110787 113 9
[RUN] 305 31996 108211 90 8
[RUN] 306 32648 113990 89 9
[RUN] 307 31782 116736 86 9
[RUN] 308 32059 110443 87 9
[RUN] 309 28773 114766 87 8
[RUN] 310 28634 105356 119 12
[RUN] 311 32419 117849 83 8
[RUN] 312 33767 122166 88 9
[RUN] 313 36549 118319 88 10
[RUN] 314 29549 125018 111 8
[RUN] 315 34891 118050 85 9
[RUN] 316 36619 122590 88 9
[RUN] 317 30985 118250 86 9
[RUN] 318 32622 111762 89 9
[RUN] 319 32229 116124 91 9
[RUN] 320 31925 116434 87 8
[RUN] 321 29864 127598 105 10
[RUN] 322 29736 119300 85 8
[RUN] 323 37237 111859 175 12
[RUN] 324 29012 116553 86 9
[RUN] 325 35696 117770 84 11
[RUN] 326 30084 111678 107 10
[RUN] 327 32293 113599 82 8
[RUN] 328 31803 169768 87 8
[RUN] 329 41522 153671 86 8
[RUN] 330 40209 132732 113 9
[RUN] 331 30051 114789 85 8
[RUN] 332 37108 114159 315 10
[RUN] 333 35172 127387 84 8
[RUN] 334 34929 136849 90 8
[RUN] 335 31083 109731 87 8
[RUN] 336 30406 138587 84 8
[RUN] 337 36008 121875 112 9
[RUN] 338 34414 111477 110 9
[RUN] 339 35875 122118 85 8
[RUN] 340 28449 107258 115 11
[RUN] 341 35981 113158 89 8
[RUN] 342 30096 117477 88 8
[RUN] 343 31285 114417 86 8
[RUN] 344 29926 355793 556 12
[RUN] 345 44227 127104 120 10
[RUN] 346 35994 120617 96 10
[RUN] 347 31642 109680 113 8
[RUN] 348 31511 113961 85 9
[RUN] 349 32837 110687 118 8
[RUN] 350 34562 121069 114 9
[RUN] 351 35050 116626 87 9
[RUN] 352 32509 111699 88 9
[RUN] 353 30051 113071 85 9
[RUN] 354 32576 109882 91 9
[RUN] 355 29203 112007 87 8
[RUN] 356 30928 113719 117 9
[RUN] 357 31952 110126 83 8
[RUN] 358 29663 112147 87 10
[RUN] 359 31782 112009 86 8
[RUN] 360 30271 121560 85 8
[RUN] 361 30412 110468 86 9
[RUN] 362 37183 110244 87 9
[RUN] 363 32957 111689 89 9
[RUN] 364 32634 115371 85 9
[RUN] 365 29664 110026 87 8
[RUN] 366 32030 121737 90 9
[RUN] 367 31419 106944 87 9
[RUN] 368 31743 110587 118 9
[RUN] 369 38697 115985 88 9
[RUN] 370 32876 144650 89 8
[RUN] 371 32256 111712 89 9
[RUN] 372 31561 111470 86 8
[RUN] 373 29729 118154 122 10
[RUN] 374 29713 120528 87 10
[RUN] 375 34240 120804 116 11
[RUN] 376 33073 120434 306 8
[RUN] 377 36661 140630 135 9
[RUN] 378 36639 118763 84 9
[RUN] 379 40341 120580 84 8
[RUN] 380 33698 114934 112 9
[RUN] 381 30212 135934 84 8
[RUN] 382 31278 116363 90 8
[RUN] 383 32602 120282 84 9
[RUN] 384 30419 112139 86 8
[RUN] 385 33131 119351 85 8
[RUN] 386 47316 117841 84 8
[RUN] 387 31776 114183 89 8
[RUN] 388 36037 118796 119 9
[RUN] 389 37772 117618 89 8
[RUN] 390 28703 114817 91 9
[RUN] 391 31556 111235 87 9
[RUN] 392 31830 113054 87 8
[RUN] 393 32418 111709 86 8
[RUN] 394 34525 122960 84 11
[RUN] 395 39024 117073 93 9
[RUN] 396 32475 113856 85 8
[RUN] 397 32872 114452 86 8
[RUN] 398 32205 113271 86 8
[RUN] 399 31404 128460 84 9
[RUN] 400 30992 111158 188 17
[RUN] 401 30886 110123 87 9
[RUN] 402 31335 112023 93 9
[RUN] 403 29606 112416 86 9
[RUN] 404 30705 112610 89 10
[RUN] 405 33075 115589 84 8
[RUN] 406 31793 115085 85 8
[RUN] 407 34561 108813 471 11
[RUN] 408 31043 118230 83 8
[RUN] 409 33873 127300 84 8
[RUN] 410 31609 114161 91 9
[RUN] 411 37024 118499 94 9
[RUN] 412 34595 113847 156 10
[RUN] 413 36135 116340 119 9
[RUN] 414 30966 115708 91 8
[RUN] 415 34453 108475 87 9
[RUN] 416 28446 115263 87 9
[RUN] 417 31037 116598 84 8
[RUN] 418 28806 110014 89 10
[RUN] 419 32201 112207 115 9
[RUN] 420 30909 115025 84 7
[RUN] 421 29657 116439 84 10
[RUN] 422 31165 110095 88 8
[RUN] 423 31182 114391 113 11
[RUN] 424 28715 107785 89 9
[RUN] 425 34451 114190 85 8
[RUN] 426 34540 115738 85 8
[RUN] 427 29865 110639 89 8
[RUN] 428 30648 115993 86 9
[RUN] 429 31605 115477 86 8
[RUN] 430 29393 114292 86 8
[RUN] 431 32108 122784 123 10
[RUN] 432 31397 119003 87 9
[RUN] 433 33349 126322 90 8
[RUN] 434 42020 139541 90 9
[RUN] 435 31753 123927 84 9
[RUN] 436 29340 106168 115 9
[RUN] 437 31560 107534 117 9
[RUN] 438 34154 119241 87 9
[RUN] 439 33822 114862 84 8
[RUN] 440 32957 108004 86 8
[RUN] 441 29231 115302 85 8
[RUN] 442 30659 128046 87 8
[RUN] 443 36997 137738 85 7
[RUN] 444 31890 116118 88 8
[RUN] 445 30129 121499 98 9
[RUN] 446 31183 111169 87 8
[RUN] 447 29107 119039 125 10
[RUN] 448 31844 121736 87 9
[RUN] 449 34898 114014 85 9
[RUN] 450 33104 128723 112 9
[RUN] 451 32057 118905 88 8
[RUN] 452 29506 115889 117 10
[RUN] 453 31655 115962 89 9
[RUN] 454 30982 113603 936 9
[RUN] 455 32780 109735 86 9
[RUN] 456 33974 115834 112 11
[RUN] 457 31910 109463 89 9
[RUN] 458 30234 110671 112 9
[RUN] 459 29556 134021 90 8
[RUN] 460 52574 175758 113 9
[RUN] 461 43873 170910 106 9
[RUN] 462 42672 142474 90 8
[RUN] 463 32448 113742 87 9
[RUN] 464 32464 110759 86 9
[RUN] 465 29880 124917 86 8
[RUN] 466 31032 113407 115 9
[RUN] 467 34512 111471 124 11
[RUN] 468 31849 130733 110 8
[RUN] 469 36443 116622 87 8
[RUN] 470 31742 116806 85 8
[RUN] 471 31559 125931 87 10
[RUN] 472 35899 112883 121 11
[RUN] 473 33399 117238 85 8
[RUN] 474 29111 111811 86 9
[RUN] 475 33012 120084 88 9
[RUN] 476 32655 112078 88 9
[RUN] 477 34624 115112 87 10
[RUN] 478 34549 118953 84 8
[RUN] 479 29552 110735 83 9
[RUN] 480 37675 132848 86 8
[RUN] 481 32481 126542 89 8
[RUN] 482 31755 117552 89 9
[RUN] 483 31810 126127 87 8
[RUN] 484 31723 109639 83 8
[RUN] 485 34428 113553 84 9
[RUN] 486 34198 118073 86 9
[RUN] 487 31576 122153 86 9
[RUN] 488 28753 110565 84 8
[RUN] 489 36877 118444 112 9
[RUN] 490 35908 110909 85 9
[RUN] 491 31152 111011 117 9
[RUN] 492 33904 111936 91 10
[RUN] 493 30221 123755 89 10
[RUN] 494 31080 149434 86 8
[RUN] 495 31473 112233 119 24
[RUN] 496 32784 120447 83 9
[RUN] 497 31279 111066 92 10
[RUN] 498 34030 114026 86 8
[RUN] 499 32931 112973 91 10
[RUN] 500 39404 113422 114 8
[RUN] 501 32244 116987 87 9
[RUN] 502 30723 112254 84 8
[RUN] 503 30773 110985 120 9
[RUN] 504 29443 111179 87 8
[RUN] 505 29305 111561 92 8
[RUN] 506 31339 115194 87 8
[RUN] 507 32662 112002 87 9
[RUN] 508 31298 112725 117 10
[RUN] 509 39380 121889 116 9
[RUN] 510 30392 110359 87 9
[RUN] 511 31825 110541 85 9
[RUN] 512 31492 109677 86 8
[RUN] 513 35353 122187 87 9
[RUN] 514 32737 121443 117 10
[RUN] 515 31429 118119 119 9
[RUN] 516 30406 136080 83 9
[RUN] 517 36807 114464 87 8
[RUN] 518 37926 120311 87 8
[RUN] 519 35919 120235 89 9
[RUN] 520 30717 115126 91 10
[RUN] 521 30706 117662 131 9
[RUN] 522 29494 114227 111 9
[RUN] 523 32948 106396 90 8
[RUN] 524 30915 106288 84 8
[RUN] 525 31067 113538 88 8
[RUN] 526 30273 121018 87 8
[RUN] 527 31647 114279 87 9
[RUN] 528 29354 114796 84 8
[RUN] 529 30026 113014 91 8
[RUN] 530 38692 120254 85 9
[RUN] 531 31380 114871 88 9
[RUN] 532 35931 113993 118 11
[RUN] 533 31298 111613 85 8
[RUN] 534 29689 112360 117 9
[RUN] 535 30357 112811 90 9
[RUN] 536 30033 121541 118 9
[RUN] 537 41112 113462 88 9
[RUN] 538 29427 110262 86 8
[RUN] 539 29878 111301 86 7
[RUN] 540 30557 115859 85 8
[RUN] 541 30396 111276 87 9
[RUN] 542 31664 113321 84 8
[RUN] 543 30719 132271 86 8
[RUN] 544 137526 118097 139 12
[RUN] 545 34307 127435 115 10
[RUN] 546 30720 115251 86 9
[RUN] 547 32319 113529 86 8
[RUN] 548 29354 107125 84 8
[RUN] 549 33925 108705 87 9
[RUN] 550 30300 112011 91 10
[RUN] 551 29171 110449 88 9
[RUN] 552 31626 120936 84 9
[RUN] 553 31896 114342 83 8
[RUN] 554 34801 113429 87 10
[RUN] 555 35480 124519 98 10
[RUN] 556 31409 113054 87 9
[RUN] 557 32136 114863 84 9
[RUN] 558 30207 116626 120 11
[RUN] 559 31695 114304 83 8
[RUN] 560 29090 112702 84 8
[RUN] 561 34487 113217 94 8
[RUN] 562 30326 112713 87 10
[RUN] 563 33500 110477 113 8
[RUN] 564 31393 113722 134 12
[RUN] 565 31107 111211 86 8
[RUN] 566 36222 111779 88 8
[RUN] 567 30734 111827 90 9
[RUN] 568 33715 127144 91 8
[RUN] 569 30595 118708 118 10
[RUN] 570 31268 116002 118 9
[RUN] 571 35624 116171 82 8
[RUN] 572 36215 118186 84 8
[RUN] 573 29627 114528 84 9
[RUN] 574 29483 111928 85 8
[RUN] 575 31995 111688 126 10
[RUN] 576 29403 119216 120 9
[RUN] 577 33469 111624 85 8
[RUN] 578 29087 112019 120 10
[RUN] 579 34565 112979 133 11
[RUN] 580 35499 113492 84 8
[RUN] 581 34373 121215 134 10
[RUN] 582 35249 128530 86 9
[RUN] 583 30734 136510 113 8
[RUN] 584 31254 109046 83 8
[RUN] 585 31817 111007 92 10
[RUN] 586 39364 116767 148 10
[RUN] 587 37342 120157 118 13
[RUN] 588 32726 116959 130 10
[RUN] 589 29780 116077 95 9
[RUN] 590 32215 111053 88 8
[RUN] 591 30584 114556 87 9
[RUN] 592 35813 114040 87 10
[RUN] 593 32335 111185 85 8
[RUN] 594 30704 119125 89 9
[RUN] 595 31804 111732 85 9
[RUN] 596 31643 111485 144 8
[RUN] 597 33046 114391 83 8
[RUN] 598 29585 111462 85 8
[RUN] 599 34907 113168 90 10
[RUN] 600 30568 111472 87 8
[RUN] 601 32195 127283 89 8
[RUN] 602 30337 115437 87 8
[RUN] 603 31629 113094 84 8
[RUN] 604 31712 106692 85 15
[RUN] 605 30281 111432 89 8
[RUN] 606 36978 132442 86 7
[RUN] 607 29869 118852 138 13
[RUN] 608 29488 116599 86 8
[RUN] 609 33837 113956 88 9
[RUN] 610 30909 123222 83 8
[RUN] 611 29665 113599 84 8
[RUN] 612 30235 119444 89 8
[RUN] 613 31325 112837 155 10
[RUN] 614 32378 112700 90 10
[RUN] 615 32774 111110 87 8
[RUN] 616 31315 114872 89 8
[RUN] 617 39919 134330 91 10
[RUN] 618 46251 143416 125 11
[RUN] 619 39847 130041 86 8
[RUN] 620 32029 118144 83 8
[RUN] 621 32669 121956 89 9
[RUN] 622 34986 112781 85 8
[RUN] 623 34665 110892 86 8
[RUN] 624 29916 113106 87 9
[RUN] 625 36374 135182 85 9
[RUN] 626 40667 114426 83 8
[RUN] 627 35452 120537 84 8
[RUN] 628 43727 123836 86 7
[RUN] 629 29889 118163 86 10
[RUN] 630 32188 119758 85 9
[RUN] 631 29726 116042 115 12
[RUN] 632 37257 119422 87 8
[RUN] 633 38448 113199 86 8
[RUN] 634 37405 121300 86 9
[RUN] 635 42464 121539 86 9
[RUN] 636 43870 112978 86 8
[RUN] 637 29491 112804 84 8
[RUN] 638 32517 109889 85 8
[RUN] 639 29690 115046 88 9
[RUN] 640 31278 112615 132 8
[RUN] 641 29520 115684 90 8
[RUN] 642 30685 108841 88 8
[RUN] 643 31533 110564 86 9
[RUN] 644 34900 110890 128 9
[RUN] 645 31782 110108 84 8
[RUN] 646 33358 112189 117 10
[RUN] 647 33109 114134 122 8
[RUN] 648 32559 115216 87 8
[RUN] 649 29752 120015 113 10
[RUN] 650 31220 116482 87 8
[RUN] 651 31806 113946 86 8
[RUN] 652 34595 122695 86 9
[RUN] 653 34663 132861 88 10
[RUN] 654 33765 119746 297 9
[RUN] 655 29105 114938 90 8
[RUN] 656 30690 112504 85 8
[RUN] 657 31144 113156 124 10
[RUN] 658 34692 109715 95 9
[RUN] 659 29726 111571 83 8
[RUN] 660 32546 112785 84 8
[RUN] 661 33702 115707 85 8
[RUN] 662 35920 108150 87 9
[RUN] 663 32439 111337 114 10
[RUN] 664 31327 116357 87 8
[RUN] 665 29322 109197 83 8
[RUN] 666 31935 119075 85 8
[RUN] 667 31637 112469 89 8
[RUN] 668 37957 114791 87 10
[RUN] 669 35096 113045 87 9
[RUN] 670 30997 118221 87 10
[RUN] 671 29471 110343 84 9
[RUN] 672 29816 114089 85 8
[RUN] 673 32166 113563 107 10
[RUN] 674 32746 112809 122 10
[RUN] 675 30521 116930 87 9
[RUN] 676 31086 113854 84 8
[RUN] 677 33214 118467 113 9
[RUN] 678 30040 115039 87 9
[RUN] 679 29706 111790 117 10
[RUN] 680 33311 113245 85 8
[RUN] 681 30001 110374 120 9
[RUN] 682 32108 112911 83 8
[RUN] 683 31917 110207 85 8
[RUN] 684 37351 117453 87 9
[RUN] 685 29468 121976 84 8
[RUN] 686 35341 116086 87 8
[RUN] 687 32446 117290 89 9
[RUN] 688 33618 116941 127 8
[RUN] 689 32510 122521 127 9
[RUN] 690 33503 115338 117 9
[RUN] 691 33919 123173 93 8
[RUN] 692 32956 135753 88 8
[RUN] 693 42172 119101 219 9
[RUN] 694 30813 115512 88 8
[RUN] 695 29430 115560 89 9
[RUN] 696 35638 110384 84 8
[RUN] 697 33457 116148 86 9
[RUN] 698 30683 119191 86 9
[RUN] 699 31285 115735 85 8
[RUN] 700 30249 111506 84 8
[RUN] 701 37760 119852 89 10
[RUN] 702 32601 115148 87 8
[RUN] 703 29793 116281 86 8
[RUN] 704 30114 126202 165 10
[RUN] 705 30341 122685 113 11
[RUN] 706 33703 110251 85 9
[RUN] 707 33361 110965 144 9
[RUN] 708 29701 108338 87 8
[RUN] 709 32811 109495 88 8
[RUN] 710 31931 113533 85 8
[RUN] 711 30565 120914 91 9
[RUN] 712 33098 114923 110 10
[RUN] 713 34231 114294 484 13
[RUN] 714 32248 116868 114 9
[RUN] 715 31713 118642 118 9
[RUN] 716 29774 114444 96 10
[RUN] 717 36458 125920 87 9
[RUN] 718 34074 113996 82 8
[RUN] 719 40748 118993 87 9
[RUN] 720 34879 112491 85 9
[RUN] 721 29994 119284 85 8
[RUN] 722 29486 116788 84 9
[RUN] 723 39905 168704 115 9
[RUN] 724 46441 122395 133 11
[RUN] 725 32575 126521 90 9
[RUN] 726 39483 120880 88 9
[RUN] 727 31194 122518 110 9
[RUN] 728 34425 119688 87 8
[RUN] 729 36856 126481 87 13
[RUN] 730 36492 129383 110 10
[RUN] 731 34545 118975 83 8
[RUN] 732 29410 114972 816 11
[RUN] 733 42971 116835 86 9
[RUN] 734 29281 115829 88 8
[RUN] 735 31357 114191 110 10
[RUN] 736 32554 109227 87 7
[RUN] 737 42238 109379 88 8
[RUN] 738 31288 128004 84 9
[RUN] 739 30755 111714 91 9
[RUN] 740 31882 115008 86 8
[RUN] 741 32775 110128 84 8
[RUN] 742 35791 110823 86 8
[RUN] 743 31914 116540 118 9
[RUN] 744 32260 111754 85 8
[RUN] 745 33817 121689 83 9
[RUN] 746 32097 112375 86 8
[RUN] 747 29004 113135 87 8
[RUN] 748 30390 132244 87 9
[RUN] 749 33603 118237 119 10
[RUN] 750 31908 111975 83 8
[RUN] 751 32588 128270 84 9
[RUN] 752 30801 115243 87 8
[RUN] 753 30492 112990 82 8
[RUN] 754 31122 109951 86 8
[RUN] 755 29376 110955 86 9
[RUN] 756 30388 106755 84 8
[RUN] 757 32831 119761 84 8
[RUN] 758 30261 114241 86 10
[RUN] 759 35420 113241 82 8
[RUN] 760 35067 116591 228 12
[RUN] 761 34428 113981 86 9
[RUN] 762 30542 117226 87 9
[RUN] 763 35207 119028 121 10
[RUN] 764 35157 127744 85 8
[RUN] 765 31302 147977 87 9
[RUN] 766 30626 122809 87 9
[RUN] 767 28808 110951 86 9
[RUN] 768 32144 112026 84 8
[RUN] 769 28716 112110 89 9
[RUN] 770 29797 117465 115 9
[RUN] 771 32755 115413 88 8
[RUN] 772 36738 111124 82 9
[RUN] 773 29439 112411 83 8
[RUN] 774 30884 111239 85 9
[RUN] 775 30563 122087 85 8
[RUN] 776 29222 117286 114 8
[RUN] 777 35068 120956 85 8
[RUN] 778 33803 122582 90 8
[RUN] 779 29860 120083 89 10
[RUN] 780 29934 107307 84 8
[RUN] 781 30916 110414 87 8
[RUN] 782 29841 126359 134 10
[RUN] 783 30801 123345 86 9
[RUN] 784 29413 120338 114 9
[RUN] 785 30819 110271 84 8
[RUN] 786 30940 110988 83 7
[RUN] 787 35657 112362 114 8
[RUN] 788 32486 114221 85 23
[RUN] 789 29714 114587 89 10
[RUN] 790 29312 120113 84 8
[RUN] 791 35430 117145 85 9
[RUN] 792 29361 108594 85 8
[RUN] 793 29599 114388 88 9
[RUN] 794 32595 110835 88 9
[RUN] 795 34013 109359 85 8
[RUN] 796 29952 108922 114 10
[RUN] 797 31975 116371 122 9
[RUN] 798 31657 113290 84 8
[RUN] 799 30025 119047 121 9
[RUN] 800 29716 114488 113 9
[RUN] 801 29850 119536 115 9
[RUN] 802 35317 114458 83 8
[RUN] 803 31750 108747 84 9
[RUN] 804 34176 111714 114 9
[RUN] 805 31706 111310 87 9
[RUN] 806 33701 110095 87 8
[RUN] 807 30665 112860 89 8
[RUN] 808 31803 113231 87 8
[RUN] 809 28594 106227 89 9
[RUN] 810 30870 106900 103 11
[RUN] 811 32768 116973 86 8
[RUN] 812 34117 109572 85 9
[RUN] 813 28537 115577 85 9
[RUN] 814 32515 113362 84 8
[RUN] 815 31497 115577 87 9
[RUN] 816 31340 112045 86 9
[RUN] 817 28813 116941 83 9
[RUN] 818 31714 108607 133 9
[RUN] 819 35025 114069 84 8
[RUN] 820 31460 118291 88 9
[RUN] 821 31334 109231 84 8
[RUN] 822 29706 113323 120 10
[RUN] 823 29739 111360 89 9
[RUN] 824 29217 121790 87 9
[RUN] 825 34277 116362 86 8
[RUN] 826 30285 113538 87 8
[RUN] 827 34585 120122 83 7
[RUN] 828 32833 118086 93 8
[RUN] 829 32895 109979 83 7
[RUN] 830 29382 110480 86 9
[RUN] 831 30401 111343 128 10
[RUN] 832 30519 120944 84 8
[RUN] 833 33850 121224 131 10
[RUN] 834 31767 114633 115 9
[RUN] 835 34047 111444 148 12
[RUN] 836 30536 117788 83 8
[RUN] 837 31200 113935 124 11
[RUN] 838 33312 110768 85 8
[RUN] 839 31755 113159 130 9
[RUN] 840 35960 107900 86 9
[RUN] 841 32159 111704 143 9
[RUN] 842 31723 112707 115 10
[RUN] 843 35511 110761 87 8
[RUN] 844 29603 109100 86 8
[RUN] 845 34407 109497 86 8
[RUN] 846 33118 111080 85 8
[RUN] 847 34604 107024 87 9
[RUN] 848 32525 109982 84 8
[RUN] 849 29080 114639 93 8
[RUN] 850 36759 110335 84 7
[RUN] 851 34465 109264 93 12
[RUN] 852 32754 112450 89 9
[RUN] 853 30805 111457 181 10
[RUN] 854 31157 111569 85 8
[RUN] 855 28780 107219 84 8
[RUN] 856 29035 110352 86 8
[RUN] 857 37086 109797 113 10
[RUN] 858 31022 110459 84 9
[RUN] 859 35977 112746 86 9
[RUN] 860 35040 108975 83 8
[RUN] 861 28588 111204 85 9
[RUN] 862 30514 113883 89 8
[RUN] 863 31755 109152 86 13
[RUN] 864 29382 117320 117 9
[RUN] 865 29532 117837 118 9
[RUN] 866 30713 111233 141 11
[RUN] 867 28802 119313 86 8
[RUN] 868 31566 112755 91 9
[RUN] 869 34084 115427 113 9
[RUN] 870 29830 110539 85 8
[RUN] 871 31387 108261 86 7
[RUN] 872 30675 113803 137 10
[RUN] 873 33655 114576 84 9
[RUN] 874 36238 115475 90 9
[RUN] 875 31889 115685 85 8
[RUN] 876 34221 110186 86 9
[RUN] 877 31906 119434 87 8
[RUN] 878 30663 117566 85 8
[RUN] 879 29919 109515 84 9
[RUN] 880 30811 106621 86 8
[RUN] 881 29797 112502 87 9
[RUN] 882 33209 116009 86 8
[RUN] 883 30674 119561 84 9
[RUN] 884 32480 116213 110 8
[RUN] 885 32843 121879 114 10
[RUN] 886 32178 113758 84 8
[RUN] 887 31972 116704 87 9
[RUN] 888 30811 108961 92 10
[RUN] 889 34531 112972 90 9
[RUN] 890 34068 112257 89 9
[RUN] 891 29639 109637 84 8
[RUN] 892 29675 113687 92 9
[RUN] 893 36669 124800 88 9
[RUN] 894 31549 113872 86 7
[RUN] 895 30848 109832 84 8
[RUN] 896 29763 114122 84 8
[RUN] 897 29347 110968 137 8
[RUN] 898 33944 112004 86 8
[RUN] 899 30014 120960 86 9
[RUN] 900 35013 122177 87 8
[RUN] 901 34514 112255 91 10
[RUN] 902 36161 110897 88 9
[RUN] 903 34485 112882 87 8
[RUN] 904 37839 115484 88 8
[RUN] 905 33062 111707 89 9
[RUN] 906 35899 115595 86 9
[RUN] 907 36601 113370 112 9
[RUN] 908 34534 112971 113 8
[RUN] 909 33138 114995 84 8
[RUN] 910 29037 107899 85 8
[RUN] 911 35418 114003 86 8
[RUN] 912 30590 117847 87 9
[RUN] 913 34593 111363 113 9
[RUN] 914 34985 116397 88 8
[RUN] 915 28603 115259 87 8
[RUN] 916 32276 110043 87 9
[RUN] 917 30593 121321 85 8
[RUN] 918 33199 116521 83 8
[RUN] 919 29801 115884 88 9
[RUN] 920 32811 111429 87 9
[RUN] 921 31056 118941 111 9
[RUN] 922 31802 119687 87 9
[RUN] 923 35844 111439 123 11
[RUN] 924 34043 116862 244 10
[RUN] 925 29367 112201 88 8
[RUN] 926 33996 110849 89 9
[RUN] 927 33952 113243 88 9
[RUN] 928 36233 108086 83 8
[RUN] 929 33308 111402 87 9
[RUN] 930 32550 109285 116 9
[RUN] 931 35019 115131 88 9
[RUN] 932 33054 107136 85 9
[RUN] 933 31771 115314 117 9
[RUN] 934 31568 112504 85 8
[RUN] 935 31025 115319 92 9
[RUN] 936 34939 111028 86 9
[RUN] 937 29599 113279 86 8
[RUN] 938 33304 116775 83 8
[RUN] 939 28997 107174 88 8
[RUN] 940 32578 113767 115 9
[RUN] 941 33040 116687 87 8
[RUN] 942 35075 117308 102 9
[RUN] 943 29872 116305 84 8
[RUN] 944 30377 108825 85 8
[RUN] 945 28764 105899 85 8
[RUN] 946 30147 119455 85 8
[RUN] 947 31688 108484 122 10
[RUN] 948 37716 110585 120 9
[RUN] 949 34548 104308 86 9
[RUN] 950 28949 106030 86 8
[RUN] 951 28968 107605 85 8
[RUN] 952 29510 113662 87 9
[RUN] 953 31307 115745 113 9
[RUN] 954 34579 111329 84 8
[RUN] 955 28860 107599 84 8
[RUN] 956 31133 106549 87 9
[RUN] 957 30032 109967 85 9
[RUN] 958 28476 106957 89 9
[RUN] 959 31782 108818 116 9
[RUN] 960 29063 110260 113 10
[RUN] 961 34617 115746 84 8
[RUN] 962 34579 119880 123 11
[RUN] 963 33481 112334 84 9
[RUN] 964 31981 109153 86 11
[RUN] 965 29063 108090 85 8
[RUN] 966 34471 109713 87 8
[RUN] 967 29290 114745 87 8
[RUN] 968 30499 118146 87 9
[RUN] 969 31714 119071 115 670
[RUN] 970 32693 119586 88 9
[RUN] 971 31589 112100 84 8
[RUN] 972 29894 115513 92 10
[RUN] 973 38048 108957 278 11
[RUN] 974 34840 141083 116 10
[RUN] 975 32698 120766 90 8
[RUN] 976 30865 114130 144 10
[RUN] 977 28872 108698 82 8
[RUN] 978 28479 109280 84 8
[RUN] 979 35849 113240 86 9
[RUN] 980 35201 122673 123 10
[RUN] 981 33408 113091 85 8
[RUN] 982 29226 114346 86 9
[RUN] 983 33685 111240 85 8
[RUN] 984 33297 114094 84 9
[RUN] 985 30658 129886 88 9
[RUN] 986 29859 113625 83 8
[RUN] 987 28685 110787 88 8
[RUN] 988 31026 128844 86 8
[RUN] 989 40635 114299 83 8
[RUN] 990 32067 116420 85 8
[RUN] 991 31218 116767 88 8
[RUN] 992 36884 135477 116 11
[RUN] 993 37150 137898 87 9
[RUN] 994 30908 115987 117 9
[RUN] 995 34141 111439 85 8
[RUN] 996 30367 110611 86 8
[RUN] 997 30003 106977 87 9
[RUN] 998 29468 115088 86 9
[RUN] 999 32697 115326 85 8
[BENCH] done
[MEM] stage=after_benchmark free_heap=32689363 min_free_heap=32657332 internal_free=220235 largest_internal_block=135168 psram_total=32505856 psram_free=32469128
[PACKET]
payload_bytes=128
header_bytes=4
total_bytes=132
[READY]
[PKT] seq=0 mode=L bytes=132 pkt=01028000d2ca5951e9b1655af2c76156dfae6353fbd25e52e1cf5b53f9b65b55daba5c52eaf8b1bc260eb7b7e2e2b9bae1f1bbbcde34bdbde01ebabcc70bb5ba5c1cbfbfdf1f2638de05142adb001128e6ea0f27c921122896491527a33b19299b29122406f89ba7ece49db1d9cda4b4dfbb9fb6f5b2a9b51af1a8b54206a8b321eeacba pre_us=0 enc_us=114045 q_us=140 pkt_us=64
[PKT] seq=1 mode=L bytes=132 pkt=01028000edfaec5724fff55d2e310064344dec693b34c96c3bd9f06e4c1b196f570dfb71e906fc960932228cfdff2a8fe8eb0790f319c8920345d495c123dc960a61db9807042e380bd8292729ef3c2e27d4483420b934361ce3223a20cc5a3ee6c4503d0b14e596e2fdea99eff7c6990323ca98ed23b496e729a199fb19ae97f3f1a897 pre_us=0 enc_us=114123 q_us=146 pkt_us=12
[PKT] seq=2 mode=L bytes=132 pkt=0102800022f40a22071adbf6f31c1c23e23e02ffce44c1349d4eea5005600c4ba764ce56f3c409edeeeb2ad5f2d0febbe3caf9a8e7c911abdb01409d079c0190dccb348e38dd015d3ec9e1503fecdb5c3af7f15d22eb004f08b743414ab8154a18990d42b4fb23a1a8cd0f9ba9e60baaacca0e9bb7e61598bbf267a1a7f53b98afe9439d pre_us=0 enc_us=112742 q_us=83 pkt_us=10
[PKT] seq=3 mode=L bytes=132 pkt=01028000fdee3c5927d722632a051f632be42b6446c72a655bcd40655afc36665cb73766ee06f1b41129ddaded10baadf6ebd4abec1bc7aa2d4dbeaac818a2a8264ca0a9f6fb693ff5da613100dc593203d65733f9f44633bc2d4533cbe84735bc193d320717b39fec08aba801f3bea7e71aa1a6140a9aa5fa52a8a5fc40a5a3ee2eaaa5 pre_us=0 enc_us=110181 q_us=116 pkt_us=11
[PKT] seq=4 mode=L bytes=132 pkt=01028000f1ffeb5c18e5eb66201f11672b22dd6836de296a47d3356a5611336b56c1266cef02f3b20828dba9ea0ad8a8f1fcc9a6ed1ed7a42f53c0a4c11ba5a211479fa2fafa4742f3e24f340b0258350dd1533709e64338e73a3238ea035339cf0a4b380a1bb69dea14ada4e90bcea3e527aea1093f98a02169a9a01549a79ef735b29f pre_us=0 enc_us=112726 q_us=84 pkt_us=11
[PKT] seq=5 mode=L bytes=132 pkt=0102800005f5e0611af3ee6b1c14ff6b4221ed6d46f9046e58da2f6f5606206f51f41f70ebfdf3a5013bf49ff219dea2e20ddea0e529c29e1f5cbf9ebf46c99d075b9b9c0302283cf6d7432e11e6513714d35839f4c44a3ae41e4639e4e4613dbff54f3c071cc196e702be9dede6be9e010ccc9b071eaa9a0f5bc299101ba599eb08a59a pre_us=0 enc_us=113082 q_us=85 pkt_us=10
[PKT] seq=6 mode=L bytes=132 pkt=010280000af7dc5f26ebe2692903fd693c0bf36b25c9026c34e9366d37f82f6d2bd2196eecfff1ab0d33f1a40003e9a5e6f5bda2e611c7a11a51b1a1bd1eba9f373a979f04032a3f03d941320ce4553614d14d3907de403ac327303ad406503ccb15483b1518b199fc08b1a1fc01cba0fd09b09e1d04b09d463bb09d3c4aab9b0e2aa49c pre_us=0 enc_us=114985 q_us=112 pkt_us=10
[PKT] seq=7 mode=L bytes=132 pkt=01028000ddf8dc5e03f0e1691114176afe11de6c0ae1fa6d1fde286e2f0d3b6f28d90670e105edaf0433e9a6f3f9f2a4eff1b6a1d214c4a00837bd9faf13c39eff41af9dfe023d45eddb4f360ee8683811d7513b03e0423bd4393a3cd6f55b3dc9125f3c0c21ad9bce17b3a1eb08d49fed2ab59d0e33a99bf76ba99beb55b39acd23a59a pre_us=0 enc_us=112702 q_us=87 pkt_us=10
[PKT] seq=8 mode=L bytes=132 pkt=01028000f1ebf34d14fa00421621f164273d0e683c2cf3662dc6396a490e2e6e32ddf86fe407fca2fb46158bf21aef96e2141493db32b3931060bd95ae3fd797c66ba29709010e5207d72d4026ee3b3b28dd383a21cb4a431a13364113fe6341d4f950400d1aefaae3f5d2a904e4f19ee4e7ce9a0e0ccd9d2621c49b210fb198d9e7a199 pre_us=0 enc_us=128083 q_us=86 pkt_us=10
[PKT] seq=9 mode=L bytes=132 pkt=01028000f6e4e6571cfcf95e1d21f164343ef26a3216e26731c81a694632356c4fe5f86de6fef59703481190e91cf196e5070197e423bd93f963bc96ad46c199d65ba19805f9203507dc312a21e1393227cf493224bf21361e1b20392214583be7eb493a1422dd96e5f7d99df1dee39df4fdd99af914bf9a1832bd9c06e5ac99ede9ac9b pre_us=0 enc_us=118551 q_us=118 pkt_us=10
[PKT] seq=10 mode=L bytes=132 pkt=01028000eee307401506fb493620f3662a3614683d45f16b1ed93c6c4a22246d55f8fd75e3fa0fceff4320b2f20bfa99e7043397e61ad79a0567ce95a74ce492de65ae9609fdfa6512da1f5c31e820472ae63d5228c5375728eb2c5024d25c50ebfb614d0919fb9bdbededb3eadef09dec05de9a010de1982602da971df9af93ffd2a494 pre_us=0 enc_us=117841 q_us=84 pkt_us=11
[PKT] seq=11 mode=L bytes=132 pkt=01028000e0e8d9640309dd6e0e19df6f062be8700629d77210c31d722df30f7246fbe273e002f3a20939049dfb05f89cef080e99e714c099fc60d39ab44fd999e363b1980202213a02d934281fdc323021d759351abf493813e5333a0fd25b3eebee583f0614d193d3f4d297ece6c197e101e195f925cb950933ac951208ac95e0ca9b95 pre_us=0 enc_us=109293 q_us=82 pkt_us=9
[PKT] seq=12 mode=L bytes=132 pkt=01028000e9e9f95d130bf1422827e56527441662293bdf6c1cbf246d4c04eb704dc50474e5fbf5b8f93a249ff8010f94eb063590eb22bd92165fe597a53ae392f56b08920c06105c0cda24612de52a4a26d93d5228c8465027ec5e5418e2644dfbd76b4a081808aadbf0ebb2e9d2d2a0f1ede09d01fad39c1112b39d1510b594f4e0a493 pre_us=0 enc_us=108108 q_us=95 pkt_us=11
[PKT] seq=13 mode=L bytes=132 pkt=01028000f0ebe85f0f14ef6a1c451c69204ee26a1d27e46c48d9116d542e0f6d5ae0ef6ef214f6a9024eeba2f701e3a3fc05c5a3f130aa9f0d44bb9fc447bc9ffd6793a0fdfd393c09d6362c2ddd603322c65e3722be2333fe1a333504d56339bee658380d1fdb98edebcf9e1af9f3a00003d19e021cad9b0b45b59c0015c99bedeec69d pre_us=0 enc_us=106670 q_us=85 pkt_us=11
[PKT] seq=14 mode=L bytes=132 pkt=01028000e4fce0610607d26bfd22f86c012dde6e1413ff702fdd0570352ff2714cf01472e601efaaff35f1a2e314e7a1ec11dd9ee52fba9cfc5bce9cbb55b99bdf6abd9902033f44f5dc3f3412e35a3a0ecf5c3d16d43a3e0317373e03db4e40ced95240061cc098d906b49df706b09cec14ce9a013a9a990b4d9e9813129b97f34a9a97 pre_us=0 enc_us=111832 q_us=83 pkt_us=10
[PKT] seq=15 mode=L bytes=132 pkt=01028000f2fa185c16f00667241e25671f1ef66921df0e6a39c8296b3eef116c3cbf116cee07f1b1053be3a9f91cd5a7f618baa5e038d0a30d5ebaa3c650b5a1ee6a95a10401524306e25b3429d1623626c4573817cb4c38f12c393803e7583acee64a3905089f9cee07a5a400f7c0a21410b2a01d349b9f2f5f9e9f312fa39d155ea59e pre_us=0 enc_us=112475 q_us=82 pkt_us=9
[PKT] seq=16 mode=L bytes=132 pkt=0102800004dd1c5b26f4f1651c05076520c5276730c6196846ca246827c9356924bd136a0716f4b31a2de9aaf117e0aa0006d6a8eb17d8a70648e1a6ca0fbfa42655b4a5f80b59410ad34f3322cc5b3417d143350df74736b92a3f36d5f84538a7155536fa22af9eeb04a2a6030db6a4f70a9aa317d7a6a21f0ea1a21128a4a00814aea1 pre_us=0 enc_us=113228 q_us=126 pkt_us=11
[PKT] seq=17 mode=L bytes=132 pkt=01028000f5f80c5c19ff0a66132e0d671518e46935e31d6a52b5276a53021b6b5eb8fe6cf616f2b10930e5a9e80ae8a8e809aea6d933c5a4045bc3a4b44bbaa2e6739aa2040d4f42f0e157341ce266350ad94f37ffda3738e52d3f38e5da4e3ab2fb4a38fc109f9dd01aa6a4fc17bca3f018a3a1fe1b929ffa48a19f114ba49ee351a09f pre_us=0 enc_us=115649 q_us=84 pkt_us=11
[PKT] seq=18 mode=L bytes=132 pkt=0102800039f23e5850ee18622ff831614ab6356258be3e6364c33c635cb938654a9c3c640b05e8b51421d3aef20cafaef203c5ade33ec7ac1b5db8ace528adaa3b68a5ab0502633ffcd45b3014da4a31f9dc4f31e3084d32b52b4632b8e44a3492163e31fb19aea0f5fca9a90113c9a9f615b1a813dbb4a7122caba7132aada5ed22aea8 pre_us=0 enc_us=113275 q_us=85 pkt_us=9
[PKT] seq=19 mode=L bytes=132 pkt=01028000f2eff74f1313f44f2f2eec622b4d16671b1deb6e24be1c6f340c106f3fcae574ee03ee940234188af806018df7eff98ce628b68f225fd68fc556dc8f0e73b4900605104c07dc284232e6494423c845460bbc344809f73947fad2694bd9cc5e4907fdda9ee3eddea6f4fceb9ffb04d0971b02cb97361cb9962e05bc951afb9b93 pre_us=0 enc_us=111303 q_us=84 pkt_us=9
[PKT] seq=20 mode=L bytes=132 pkt=01028000e5f2df640efae86d1919d66e1f37e1711007fb723ebb0772500813735bc7e774ea02e9a3fc30f79bef10f99af2ffc299e730d099fa5aba97ba54cf97f86aaf97060e243ffedc3e2f1cdc4a3519bb49390fc7473c04173239f1c8643db9ca563f0312cd94d400c499f0f6de97fafdc19501159e950648c593ee0fc094dc0b9d94 pre_us=0 enc_us=113530 q_us=85 pkt_us=10
[PKT] seq=21 mode=L bytes=132 pkt=01028000f301df661601cf6f3716d171281404741c27cd750db917752907ed7532bbdb76f2ffeca0fc2a0099f00bed99f7002096e333bf940a60d994ba52ef94da77bf930609223e0cd82f2d22e9453415df493513bf423a20e0473b13cf523ecdbd53410404c391e6f4c396eae8cd94f3f7c9901218bc911d19c69129feb29005169e90 pre_us=0 enc_us=111989 q_us=86 pkt_us=11
[PKT] seq=22 mode=L bytes=132 pkt=01028000effce26011ecd86a0e1cfa6c2807e16e22d4046f39d908704eff10713ebbe472f0fbe8ad0725e3a4ea05e7a2eae9c49ee711dd9df942c99cb239c69bf167a19afffe3a46fee54c380fe7603a0ce5493dfdff383eeb353a3ecee45040b71550400111a999de07ada0f309e29def36b39af83c95991b689a99fa59a497e75c9a97 pre_us=0 enc_us=110837 q_us=84 pkt_us=9
[PKT] seq=23 mode=L bytes=132 pkt=01028000fefcf74d1ffaf64a310ef4644025e36a40050b6a5bc9306a5ef4376e5fbbe572ecfdf49507310f8be50cf291ef281392f22fcd8f1958d08eb439e3910170b89208040e4a07db28421fe932402ad7494114c9284503182f43ece05945c1045d43091be9a0e0f3d0a4f2e1c69df203ce970721b39b2142be981a35b795f706a194 pre_us=0 enc_us=113349 q_us=86 pkt_us=10
[PKT] seq=24 mode=L bytes=132 pkt=010280002d00425927cf36631400386327c3336442b73e655cb5396653ad46674e9b3767f702ceb41723bdacfffdacac0017a2abde28a5aa0939a0aac91d9aa84f4391a908016040fde961310fc5593203ca5533daf75534a6065534a9e64d35a1e544331913bc9ff908cfa705f1d3a70b01bfa61de4cba5313bcaa5253abca3fc2fbaa5 pre_us=0 enc_us=106629 q_us=87 pkt_us=11
[PKT] seq=25 mode=L bytes=132 pkt=01028000e2d94d4df3db5555f3f34f4f20d34a4af4f04848cf1248481aea4a4aece24646fefabfbf1cecbbbbee14c0c0030fc4c43df3c4c440e0c4c437f8c2c265dec8c8e1403434c2532727d74e2424a1412222a2352222bb332222bd4a2424a04e1e1ef8c7aaaaefe9b5b5f5fbbabadaffbdbd00c4bdbd10ebbdbdeaeebbbbed03c3c3 pre_us=0 enc_us=104091 q_us=82 pkt_us=9
[PKT] seq=26 mode=L bytes=132 pkt=01028000e9f5ee6102eeeb6c0008016c03e8076e07d716702cd634702a001c7022c62a71e1f7efa60d3aed9fe8fbe19ff6fac89ddb1db89a3650ac9cd82fa89b254e9c9afbfe2d3eebdb342e07e2553503cd4738e9ed3637b72b373accfb503dae164d3d0819c295dd12c09be10cda9bed24a59903f7af971148ab98f02ca297e838ab98 pre_us=0 enc_us=115485 q_us=87 pkt_us=10
[PKT] seq=27 mode=L bytes=132 pkt=0102800026e5445924e22664201a3f6419dd2e6520af3e6646e83a6643fd2e6824c0436800fffcb41730e0acec0be4ac0a11dbaad529d5a9375fd1a9e534b5a74758a5a80505644005db61321dd961321ded5a3404054f34b8274d34c6e75436a51840331224a19ffaefa8a7090dc8a6fd17a1a52c10a2a43e2da6a42629a5a2062aaba4 pre_us=0 enc_us=111721 q_us=82 pkt_us=10
[PKT] seq=28 mode=L bytes=132 pkt=01028000e5fb3859fedc246408fc336317e62e6514f63e66f3e845661f113e67f6d85a67e501f7b4183bd6acf821c2ace327d2aad44ed0a90b1fdda9c62bada75c31b2a8ec006740d7e85631f6d34a32f2dc5333ca3a48349d434c34b11e4036a33d3a330306a89fedefa4a7e8d2b4a609d8a3a50fd9a0a42a03a6a422f69ca21ae8a4a4 pre_us=0 enc_us=104395 q_us=85 pkt_us=10
[PKT] seq=29 mode=L bytes=132 pkt=01028000caec4b57dfd63262d7fe4361ccd14a61d8293f62c10b4063cff84464c4075864d708d6b6173cb6aee61dacafcd38b4aeb860b2ad042badadb942a0ab5752a7acecf75d3eeb005b30fcd6483002f54a31d0395232a83a5231be034233ad2e3830fe06bba1ef01bea9eae1cfa915c9b8a8f9d6c4a72cf7c4a726bfa6a525d4b1a9 pre_us=0 enc_us=109963 q_us=85 pkt_us=10
[PKT] seq=30 mode=A bytes=132 pkt=01028000d2ca5951e9b1655af2c76156dfae6353fbd25e52e1cf5b53f9b65b55daba5c52eaf8b1bc260eb7b7e2e2b9bae1f1bbbcde34bdbde01ebabcc70bb5ba5c1cbfbfdf1f2638de05142adb001128e6ea0f27c921122896491527a33b19299b29122406f89ba7ece49db1d9cda4b4dfbb9fb6f5b2a9b51af1a8b54206a8b321eeacba pre_us=29589 enc_us=107562 q_us=212 pkt_us=74
[PKT] seq=31 mode=A bytes=132 pkt=01028000edfaec5724fff55d2e310064344dec693b34c96c3bd9f06e4c1b196f570dfb71e906fc960932228cfdff2a8fe8eb0790f319c8920345d495c123dc960a61db9807042e380bd8292729ef3c2e27d4483420b934361ce3223a20cc5a3ee6c4503d0b14e596e2fdea99eff7c6990323ca98ed23b496e729a199fb19ae97f3f1a897 pre_us=32994 enc_us=117308 q_us=86 pkt_us=9
[PKT] seq=32 mode=A bytes=132 pkt=0102800022f40a22071adbf6f31c1c23e23e02ffce44c1349d4eea5005600c4ba764ce56f3c409edeeeb2ad5f2d0febbe3caf9a8e7c911abdb01409d079c0190dccb348e38dd015d3ec9e1503fecdb5c3af7f15d22eb004f08b743414ab8154a18990d42b4fb23a1a8cd0f9ba9e60baaacca0e9bb7e61598bbf267a1a7f53b98afe9439d pre_us=39217 enc_us=120204 q_us=87 pkt_us=12
[PKT] seq=33 mode=A bytes=132 pkt=01028000fdee3c5927d722632a051f632be42b6446c72a655bcd40655afc36665cb73766ee06f1b41129ddaded10baadf6ebd4abec1bc7aa2d4dbeaac818a2a8264ca0a9f6fb693ff5da613100dc593203d65733f9f44633bc2d4533cbe84735bc193d320717b39fec08aba801f3bea7e71aa1a6140a9aa5fa52a8a5fc40a5a3ee2eaaa5 pre_us=31597 enc_us=111440 q_us=87 pkt_us=10
[PKT] seq=34 mode=A bytes=132 pkt=01028000f1ffeb5c18e5eb66201f11672b22dd6836de296a47d3356a5611336b56c1266cef02f3b20828dba9ea0ad8a8f1fcc9a6ed1ed7a42f53c0a4c11ba5a211479fa2fafa4742f3e24f340b0258350dd1533709e64338e73a3238ea035339cf0a4b380a1bb69dea14ada4e90bcea3e527aea1093f98a02169a9a01549a79ef735b29f pre_us=32954 enc_us=110995 q_us=84 pkt_us=10
[PKT] seq=35 mode=A bytes=132 pkt=0102800005f5e0611af3ee6b1c14ff6b4221ed6d46f9046e58da2f6f5606206f51f41f70ebfdf3a5013bf49ff219dea2e20ddea0e529c29e1f5cbf9ebf46c99d075b9b9c0302283cf6d7432e11e6513714d35839f4c44a3ae41e4639e4e4613dbff54f3c071cc196e702be9dede6be9e010ccc9b071eaa9a0f5bc299101ba599eb08a59a pre_us=31904 enc_us=117908 q_us=87 pkt_us=10
[PKT] seq=36 mode=A bytes=132 pkt=010280000af7dc5f26ebe2692903fd693c0bf36b25c9026c34e9366d37f82f6d2bd2196eecfff1ab0d33f1a40003e9a5e6f5bda2e611c7a11a51b1a1bd1eba9f373a979f04032a3f03d941320ce4553614d14d3907de403ac327303ad406503ccb15483b1518b199fc08b1a1fc01cba0fd09b09e1d04b09d463bb09d3c4aab9b0e2aa49c pre_us=33482 enc_us=106242 q_us=83 pkt_us=10
[PKT] seq=37 mode=A bytes=132 pkt=01028000ddf8dc5e03f0e1691114176afe11de6c0ae1fa6d1fde286e2f0d3b6f28d90670e105edaf0433e9a6f3f9f2a4eff1b6a1d214c4a00837bd9faf13c39eff41af9dfe023d45eddb4f360ee8683811d7513b03e0423bd4393a3cd6f55b3dc9125f3c0c21ad9bce17b3a1eb08d49fed2ab59d0e33a99bf76ba99beb55b39acd23a59a pre_us=29165 enc_us=107741 q_us=84 pkt_us=10
[PKT] seq=38 mode=A bytes=132 pkt=01028000f1ebf34d14fa00421621f164273d0e683c2cf3662dc6396a490e2e6e32ddf86fe407fca2fb46158bf21aef96e2141493db32b3931060bd95ae3fd797c66ba29709010e5207d72d4026ee3b3b28dd383a21cb4a431a13364113fe6341d4f950400d1aefaae3f5d2a904e4f19ee4e7ce9a0e0ccd9d2621c49b210fb198d9e7a199 pre_us=33640 enc_us=111972 q_us=113 pkt_us=10
[PKT] seq=39 mode=A bytes=132 pkt=01028000f6e4e6571cfcf95e1d21f164343ef26a3216e26731c81a694632356c4fe5f86de6fef59703481190e91cf196e5070197e423bd93f963bc96ad46c199d65ba19805f9203507dc312a21e1393227cf493224bf21361e1b20392214583be7eb493a1422dd96e5f7d99df1dee39df4fdd99af914bf9a1832bd9c06e5ac99ede9ac9b pre_us=29589 enc_us=110433 q_us=86 pkt_us=10
[PKT] seq=40 mode=A bytes=132 pkt=01028000eee307401506fb493620f3662a3614683d45f16b1ed93c6c4a22246d55f8fd75e3fa0fceff4320b2f20bfa99e7043397e61ad79a0567ce95a74ce492de65ae9609fdfa6512da1f5c31e820472ae63d5228c5375728eb2c5024d25c50ebfb614d0919fb9bdbededb3eadef09dec05de9a010de1982602da971df9af93ffd2a494 pre_us=31735 enc_us=112956 q_us=87 pkt_us=11
[PKT] seq=41 mode=A bytes=132 pkt=01028000e0e8d9640309dd6e0e19df6f062be8700629d77210c31d722df30f7246fbe273e002f3a20939049dfb05f89cef080e99e714c099fc60d39ab44fd999e363b1980202213a02d934281fdc323021d759351abf493813e5333a0fd25b3eebee583f0614d193d3f4d297ece6c197e101e195f925cb950933ac951208ac95e0ca9b95 pre_us=33824 enc_us=110991 q_us=83 pkt_us=9
[PKT] seq=42 mode=A bytes=132 pkt=01028000e9e9f95d130bf1422827e56527441662293bdf6c1cbf246d4c04eb704dc50474e5fbf5b8f93a249ff8010f94eb063590eb22bd92165fe597a53ae392f56b08920c06105c0cda24612de52a4a26d93d5228c8465027ec5e5418e2644dfbd76b4a081808aadbf0ebb2e9d2d2a0f1ede09d01fad39c1112b39d1510b594f4e0a493 pre_us=29600 enc_us=109573 q_us=84 pkt_us=9
[PKT] seq=43 mode=A bytes=132 pkt=01028000f0ebe85f0f14ef6a1c451c69204ee26a1d27e46c48d9116d542e0f6d5ae0ef6ef214f6a9024eeba2f701e3a3fc05c5a3f130aa9f0d44bb9fc447bc9ffd6793a0fdfd393c09d6362c2ddd603322c65e3722be2333fe1a333504d56339bee658380d1fdb98edebcf9e1af9f3a00003d19e021cad9b0b45b59c0015c99bedeec69d pre_us=31806 enc_us=110096 q_us=88 pkt_us=10
[PKT] seq=44 mode=A bytes=132 pkt=01028000e4fce0610607d26bfd22f86c012dde6e1413ff702fdd0570352ff2714cf01472e601efaaff35f1a2e314e7a1ec11dd9ee52fba9cfc5bce9cbb55b99bdf6abd9902033f44f5dc3f3412e35a3a0ecf5c3d16d43a3e0317373e03db4e40ced95240061cc098d906b49df706b09cec14ce9a013a9a990b4d9e9813129b97f34a9a97 pre_us=33391 enc_us=115845 q_us=132 pkt_us=12
[PKT] seq=45 mode=A bytes=132 pkt=01028000f2fa185c16f00667241e25671f1ef66921df0e6a39c8296b3eef116c3cbf116cee07f1b1053be3a9f91cd5a7f618baa5e038d0a30d5ebaa3c650b5a1ee6a95a10401524306e25b3429d1623626c4573817cb4c38f12c393803e7583acee64a3905089f9cee07a5a400f7c0a21410b2a01d349b9f2f5f9e9f312fa39d155ea59e pre_us=32054 enc_us=119108 q_us=87 pkt_us=9
[PKT] seq=46 mode=A bytes=132 pkt=0102800004dd1c5b26f4f1651c05076520c5276730c6196846ca246827c9356924bd136a0716f4b31a2de9aaf117e0aa0006d6a8eb17d8a70648e1a6ca0fbfa42655b4a5f80b59410ad34f3322cc5b3417d143350df74736b92a3f36d5f84538a7155536fa22af9eeb04a2a6030db6a4f70a9aa317d7a6a21f0ea1a21128a4a00814aea1 pre_us=30118 enc_us=118604 q_us=124 pkt_us=14
[PKT] seq=47 mode=A bytes=132 pkt=01028000f5f80c5c19ff0a66132e0d671518e46935e31d6a52b5276a53021b6b5eb8fe6cf616f2b10930e5a9e80ae8a8e809aea6d933c5a4045bc3a4b44bbaa2e6739aa2040d4f42f0e157341ce266350ad94f37ffda3738e52d3f38e5da4e3ab2fb4a38fc109f9dd01aa6a4fc17bca3f018a3a1fe1b929ffa48a19f114ba49ee351a09f pre_us=33558 enc_us=112417 q_us=90 pkt_us=10
[PKT] seq=48 mode=A bytes=132 pkt=0102800039f23e5850ee18622ff831614ab6356258be3e6364c33c635cb938654a9c3c640b05e8b51421d3aef20cafaef203c5ade33ec7ac1b5db8ace528adaa3b68a5ab0502633ffcd45b3014da4a31f9dc4f31e3084d32b52b4632b8e44a3492163e31fb19aea0f5fca9a90113c9a9f615b1a813dbb4a7122caba7132aada5ed22aea8 pre_us=28831 enc_us=117758 q_us=116 pkt_us=11
[PKT] seq=49 mode=A bytes=132 pkt=01028000f2eff74f1313f44f2f2eec622b4d16671b1deb6e24be1c6f340c106f3fcae574ee03ee940234188af806018df7eff98ce628b68f225fd68fc556dc8f0e73b4900605104c07dc284232e6494423c845460bbc344809f73947fad2694bd9cc5e4907fdda9ee3eddea6f4fceb9ffb04d0971b02cb97361cb9962e05bc951afb9b93 pre_us=32825 enc_us=106461 q_us=82 pkt_us=9
[PKT] seq=50 mode=A bytes=132 pkt=01028000e5f2df640efae86d1919d66e1f37e1711007fb723ebb0772500813735bc7e774ea02e9a3fc30f79bef10f99af2ffc299e730d099fa5aba97ba54cf97f86aaf97060e243ffedc3e2f1cdc4a3519bb49390fc7473c04173239f1c8643db9ca563f0312cd94d400c499f0f6de97fafdc19501159e950648c593ee0fc094dc0b9d94 pre_us=35710 enc_us=115382 q_us=84 pkt_us=10
[PKT] seq=51 mode=A bytes=132 pkt=01028000f301df661601cf6f3716d171281404741c27cd750db917752907ed7532bbdb76f2ffeca0fc2a0099f00bed99f7002096e333bf940a60d994ba52ef94da77bf930609223e0cd82f2d22e9453415df493513bf423a20e0473b13cf523ecdbd53410404c391e6f4c396eae8cd94f3f7c9901218bc911d19c69129feb29005169e90 pre_us=29457 enc_us=108138 q_us=88 pkt_us=10
[PKT] seq=52 mode=A bytes=132 pkt=01028000effce26011ecd86a0e1cfa6c2807e16e22d4046f39d908704eff10713ebbe472f0fbe8ad0725e3a4ea05e7a2eae9c49ee711dd9df942c99cb239c69bf167a19afffe3a46fee54c380fe7603a0ce5493dfdff383eeb353a3ecee45040b71550400111a999de07ada0f309e29def36b39af83c95991b689a99fa59a497e75c9a97 pre_us=28807 enc_us=114836 q_us=114 pkt_us=10
[PKT] seq=53 mode=A bytes=132 pkt=01028000fefcf74d1ffaf64a310ef4644025e36a40050b6a5bc9306a5ef4376e5fbbe572ecfdf49507310f8be50cf291ef281392f22fcd8f1958d08eb439e3910170b89208040e4a07db28421fe932402ad7494114c9284503182f43ece05945c1045d43091be9a0e0f3d0a4f2e1c69df203ce970721b39b2142be981a35b795f706a194 pre_us=28635 enc_us=109004 q_us=108 pkt_us=12
[PKT] seq=54 mode=A bytes=132 pkt=010280002d00425927cf36631400386327c3336442b73e655cb5396653ad46674e9b3767f702ceb41723bdacfffdacac0017a2abde28a5aa0939a0aac91d9aa84f4391a908016040fde961310fc5593203ca5533daf75534a6065534a9e64d35a1e544331913bc9ff908cfa705f1d3a70b01bfa61de4cba5313bcaa5253abca3fc2fbaa5 pre_us=30371 enc_us=108206 q_us=84 pkt_us=10
[PKT] seq=55 mode=A bytes=132 pkt=01028000e2d94d4df3db5555f3f34f4f20d34a4af4f04848cf1248481aea4a4aece24646fefabfbf1cecbbbbee14c0c0030fc4c43df3c4c440e0c4c437f8c2c265dec8c8e1403434c2532727d74e2424a1412222a2352222bb332222bd4a2424a04e1e1ef8c7aaaaefe9b5b5f5fbbabadaffbdbd00c4bdbd10ebbdbdeaeebbbbed03c3c3 pre_us=28923 enc_us=108150 q_us=85 pkt_us=10
[PKT] seq=56 mode=A bytes=132 pkt=01028000e9f5ee6102eeeb6c0008016c03e8076e07d716702cd634702a001c7022c62a71e1f7efa60d3aed9fe8fbe19ff6fac89ddb1db89a3650ac9cd82fa89b254e9c9afbfe2d3eebdb342e07e2553503cd4738e9ed3637b72b373accfb503dae164d3d0819c295dd12c09be10cda9bed24a59903f7af971148ab98f02ca297e838ab98 pre_us=30951 enc_us=111340 q_us=84 pkt_us=10
[PKT] seq=57 mode=A bytes=132 pkt=0102800026e5445924e22664201a3f6419dd2e6520af3e6646e83a6643fd2e6824c0436800fffcb41730e0acec0be4ac0a11dbaad529d5a9375fd1a9e534b5a74758a5a80505644005db61321dd961321ded5a3404054f34b8274d34c6e75436a51840331224a19ffaefa8a7090dc8a6fd17a1a52c10a2a43e2da6a42629a5a2062aaba4 pre_us=30049 enc_us=109354 q_us=84 pkt_us=10
[PKT] seq=58 mode=A bytes=132 pkt=01028000e5fb3859fedc246408fc336317e62e6514f63e66f3e845661f113e67f6d85a67e501f7b4183bd6acf821c2ace327d2aad44ed0a90b1fdda9c62bada75c31b2a8ec006740d7e85631f6d34a32f2dc5333ca3a48349d434c34b11e4036a33d3a330306a89fedefa4a7e8d2b4a609d8a3a50fd9a0a42a03a6a422f69ca21ae8a4a4 pre_us=29361 enc_us=109577 q_us=90 pkt_us=11
[PKT] seq=59 mode=A bytes=132 pkt=01028000caec4b57dfd63262d7fe4361ccd14a61d8293f62c10b4063cff84464c4075864d708d6b6173cb6aee61dacafcd38b4aeb860b2ad042badadb942a0ab5752a7acecf75d3eeb005b30fcd6483002f54a31d0395232a83a5231be034233ad2e3830fe06bba1ef01bea9eae1cfa915c9b8a8f9d6c4a72cf7c4a726bfa6a525d4b1a9 pre_us=28897 enc_us=109347 q_us=84 pkt_us=9
